../Core/Src/main.c:216:5:main	16	static
../Core/Src/main.c:342:6:SystemClock_Config	96	static
../Core/Src/main.c:393:13:MX_DFSDM1_Init	8	static
../Core/Src/main.c:431:13:MX_I2C2_Init	8	static
../Core/Src/main.c:479:13:MX_QUADSPI_Init	8	static
../Core/Src/main.c:512:13:MX_SPI3_Init	8	static
../Core/Src/main.c:552:13:MX_TIM1_Init	56	static
../Core/Src/main.c:612:13:MX_TIM5_Init	40	static
../Core/Src/main.c:657:13:MX_TIM15_Init	56	static
../Core/Src/main.c:716:13:MX_USART1_UART_Init	8	static
../Core/Src/main.c:751:13:MX_USART3_UART_Init	8	static
../Core/Src/main.c:786:13:MX_USB_OTG_FS_PCD_Init	8	static
../Core/Src/main.c:821:13:MX_GPIO_Init	56	static
../Core/Src/main.c:986:1:__io_putchar	16	static
../Core/Src/main.c:1022:6:HAL_GPIO_EXTI_Callback	16	static
../Core/Src/main.c:1043:6:SPI3_IRQHandler	8	static
../Core/Src/main.c:1051:12:wifi_start	40	static
../Core/Src/main.c:1084:5:wifi_connect	16	static
../Core/Src/main.c:1114:5:wifi_server	40	static
../Core/Src/main.c:1163:13:WebServerProcess	32	static
../Core/Src/main.c:1242:22:SendWebPage	96	static
../Core/Src/main.c:1290:6:Error_Handler	4	static,ignoring_inline_asm
