../Core/Src/main.c:216:5:main	6
../Core/Src/main.c:342:6:SystemClock_Config	4
../Core/Src/main.c:393:13:MX_DFSDM1_Init	2
../Core/Src/main.c:431:13:MX_I2C2_Init	4
../Core/Src/main.c:479:13:MX_QUADSPI_Init	2
../Core/Src/main.c:512:13:MX_SPI3_Init	2
../Core/Src/main.c:552:13:MX_TIM1_Init	6
../Core/Src/main.c:612:13:MX_TIM5_Init	4
../Core/Src/main.c:657:13:MX_TIM15_Init	6
../Core/Src/main.c:716:13:MX_USART1_UART_Init	2
../Core/Src/main.c:751:13:MX_USART3_UART_Init	2
../Core/Src/main.c:786:13:MX_USB_OTG_FS_PCD_Init	2
../Core/Src/main.c:821:13:MX_GPIO_Init	1
../Core/Src/main.c:986:1:__io_putchar	1
../Core/Src/main.c:1022:6:HAL_GPIO_EXTI_Callback	2
../Core/Src/main.c:1043:6:SPI3_IRQHandler	1
../Core/Src/main.c:1051:12:wifi_start	3
../Core/Src/main.c:1084:5:wifi_connect	3
../Core/Src/main.c:1114:5:wifi_server	7
../Core/Src/main.c:1163:13:WebServerProcess	13
../Core/Src/main.c:1242:22:SendWebPage	12
../Core/Src/main.c:1290:6:Error_Handler	1
