23:13:01 **** Clean-only build of configuration Debug for project Project ****
make -j20 clean 
rm -rf ./Drivers/STM32L4xx_HAL_Driver/Src/Legacy/stm32l4xx_hal_can.cyclo ./Drivers/STM32L4xx_HAL_Driver/Src/Legacy/stm32l4xx_hal_can.d ./Drivers/STM32L4xx_HAL_Driver/Src/Legacy/stm32l4xx_hal_can.o ./Drivers/STM32L4xx_HAL_Driver/Src/Legacy/stm32l4xx_hal_can.su
rm -rf ./Drivers/STM32L4xx_HAL_Driver/Src/stm32l4xx_hal.cyclo ./Drivers/STM32L4xx_HAL_Driver/Src/stm32l4xx_hal.d ./Drivers/STM32L4xx_HAL_Driver/Src/stm32l4xx_hal.o ./Drivers/STM32L4xx_HAL_Driver/Src/stm32l4xx_hal.su ./Drivers/STM32L4xx_HAL_Driver/Src/stm32l4xx_hal_adc.cyclo ./Drivers/STM32L4xx_HAL_Driver/Src/stm32l4xx_hal_adc.d ./Drivers/STM32L4xx_HAL_Driver/Src/stm32l4xx_hal_adc.o ./Drivers/STM32L4xx_HAL_Driver/Src/stm32l4xx_hal_adc.su ./Drivers/STM32L4xx_HAL_Driver/Src/stm32l4xx_hal_adc_ex.cyclo ./Drivers/STM32L4xx_HAL_Driver/Src/stm32l4xx_hal_adc_ex.d ./Drivers/STM32L4xx_HAL_Driver/Src/stm32l4xx_hal_adc_ex.o ./Drivers/STM32L4xx_HAL_Driver/Src/stm32l4xx_hal_adc_ex.su ./Drivers/STM32L4xx_HAL_Driver/Src/stm32l4xx_hal_can.cyclo ./Drivers/STM32L4xx_HAL_Driver/Src/stm32l4xx_hal_can.d ./Drivers/STM32L4xx_HAL_Driver/Src/stm32l4xx_hal_can.o ./Drivers/STM32L4xx_HAL_Driver/Src/stm32l4xx_hal_can.su ./Drivers/STM32L4xx_HAL_Driver/Src/stm32l4xx_hal_comp.cyclo ./Drivers/STM32L4xx_HAL_Driver/Src/stm32l4xx_hal_comp.d ./Drivers/STM32L4xx_HAL_Driver/Src/stm32l4xx_hal_comp.o ./Drivers/STM32L4xx_HAL_Driver/Src/stm32l4xx_hal_comp.su ./Drivers/STM32L4xx_HAL_Driver/Src/stm32l4xx_hal_cortex.cyclo ./Drivers/STM32L4xx_HAL_Driver/Src/stm32l4xx_hal_cortex.d ./Drivers/STM32L4xx_HAL_Driver/Src/stm32l4xx_hal_cortex.o ./Drivers/STM32L4xx_HAL_Driver/Src/stm32l4xx_hal_cortex.su ./Drivers/STM32L4xx_HAL_Driver/Src/stm32l4xx_hal_crc.cyclo ./Drivers/STM32L4xx_HAL_Driver/Src/stm32l4xx_hal_crc.d ./Drivers/STM32L4xx_HAL_Driver/Src/stm32l4xx_hal_crc.o ./Drivers/STM32L4xx_HAL_Driver/Src/stm32l4xx_hal_crc.su ./Drivers/STM32L4xx_HAL_Driver/Src/stm32l4xx_hal_crc_ex.cyclo ./Drivers/STM32L4xx_HAL_Driver/Src/stm32l4xx_hal_crc_ex.d ./Drivers/STM32L4xx_HAL_Driver/Src/stm32l4xx_hal_crc_ex.o ./Drivers/STM32L4xx_HAL_Driver/Src/stm32l4xx_hal_crc_ex.su ./Drivers/STM32L4xx_HAL_Driver/Src/stm32l4xx_hal_cryp.cyclo ./Drivers/STM32L4xx_HAL_Driver/Src/stm32l4xx_hal_cryp.d ./Drivers/STM32L4xx_HAL_Driver/Src/stm32l4xx_hal_cryp.o ./Drivers/STM32L4xx_HAL_Driver/Src/stm32l4xx_hal_cryp.su ./Drivers/STM32L4xx_HAL_Driver/Src/stm32l4xx_hal_cryp_ex.cyclo ./Drivers/STM32L4xx_HAL_Driver/Src/stm32l4xx_hal_cryp_ex.d ./Drivers/STM32L4xx_HAL_Driver/Src/stm32l4xx_hal_cryp_ex.o ./Drivers/STM32L4xx_HAL_Driver/Src/stm32l4xx_hal_cryp_ex.su ./Drivers/STM32L4xx_HAL_Driver/Src/stm32l4xx_hal_dac.cyclo ./Drivers/STM32L4xx_HAL_Driver/Src/stm32l4xx_hal_dac.d ./Drivers/STM32L4xx_HAL_Driver/Src/stm32l4xx_hal_dac.o ./Drivers/STM32L4xx_HAL_Driver/Src/stm32l4xx_hal_dac.su ./Drivers/STM32L4xx_HAL_Driver/Src/stm32l4xx_hal_dac_ex.cyclo ./Drivers/STM32L4xx_HAL_Driver/Src/stm32l4xx_hal_dac_ex.d ./Drivers/STM32L4xx_HAL_Driver/Src/stm32l4xx_hal_dac_ex.o ./Drivers/STM32L4xx_HAL_Driver/Src/stm32l4xx_hal_dac_ex.su ./Drivers/STM32L4xx_HAL_Driver/Src/stm32l4xx_hal_dcmi.cyclo ./Drivers/STM32L4xx_HAL_Driver/Src/stm32l4xx_hal_dcmi.d ./Drivers/STM32L4xx_HAL_Driver/Src/stm32l4xx_hal_dcmi.o ./Drivers/STM32L4xx_HAL_Driver/Src/stm32l4xx_hal_dcmi.su ./Drivers/STM32L4xx_HAL_Driver/Src/stm32l4xx_hal_dfsdm.cyclo ./Drivers/STM32L4xx_HAL_Driver/Src/stm32l4xx_hal_dfsdm.d ./Drivers/STM32L4xx_HAL_Driver/Src/stm32l4xx_hal_dfsdm.o ./Drivers/STM32L4xx_HAL_Driver/Src/stm32l4xx_hal_dfsdm.su ./Drivers/STM32L4xx_HAL_Driver/Src/stm32l4xx_hal_dfsdm_ex.cyclo ./Drivers/STM32L4xx_HAL_Driver/Src/stm32l4xx_hal_dfsdm_ex.d ./Drivers/STM32L4xx_HAL_Driver/Src/stm32l4xx_hal_dfsdm_ex.o ./Drivers/STM32L4xx_HAL_Driver/Src/stm32l4xx_hal_dfsdm_ex.su ./Drivers/STM32L4xx_HAL_Driver/Src/stm32l4xx_hal_dma.cyclo ./Drivers/STM32L4xx_HAL_Driver/Src/stm32l4xx_hal_dma.d ./Drivers/STM32L4xx_HAL_Driver/Src/stm32l4xx_hal_dma.o ./Drivers/STM32L4xx_HAL_Driver/Src/stm32l4xx_hal_dma.su ./Drivers/STM32L4xx_HAL_Driver/Src/stm32l4xx_hal_dma2d.cyclo ./Drivers/STM32L4xx_HAL_Driver/Src/stm32l4xx_hal_dma2d.d ./Drivers/STM32L4xx_HAL_Driver/Src/stm32l4xx_hal_dma2d.o ./Drivers/STM32L4xx_HAL_Driver/Src/stm32l4xx_hal_dma2d.su ./Drivers/STM32L4xx_HAL_Driver/Src/stm32l4xx_hal_dma_ex.cyclo ./Drivers/STM32L4xx_HAL_Driver/Src/stm32l4xx_hal_dma_ex.d ./Drivers/STM32L4xx_HAL_Driver/Src/stm32l4xx_hal_dma_ex.o ./Drivers/STM32L4xx_HAL_Driver/Src/stm32l4xx_hal_dma_ex.su ./Drivers/STM32L4xx_HAL_Driver/Src/stm32l4xx_hal_dsi.cyclo ./Drivers/STM32L4xx_HAL_Driver/Src/stm32l4xx_hal_dsi.d ./Drivers/STM32L4xx_HAL_Driver/Src/stm32l4xx_hal_dsi.o ./Drivers/STM32L4xx_HAL_Driver/Src/stm32l4xx_hal_dsi.su ./Drivers/STM32L4xx_HAL_Driver/Src/stm32l4xx_hal_exti.cyclo ./Drivers/STM32L4xx_HAL_Driver/Src/stm32l4xx_hal_exti.d ./Drivers/STM32L4xx_HAL_Driver/Src/stm32l4xx_hal_exti.o ./Drivers/STM32L4xx_HAL_Driver/Src/stm32l4xx_hal_exti.su ./Drivers/STM32L4xx_HAL_Driver/Src/stm32l4xx_hal_firewall.cyclo ./Drivers/STM32L4xx_HAL_Driver/Src/stm32l4xx_hal_firewall.d ./Drivers/STM32L4xx_HAL_Driver/Src/stm32l4xx_hal_firewall.o ./Drivers/STM32L4xx_HAL_Driver/Src/stm32l4xx_hal_firewall.su ./Drivers/STM32L4xx_HAL_Driver/Src/stm32l4xx_hal_flash.cyclo ./Drivers/STM32L4xx_HAL_Driver/Src/stm32l4xx_hal_flash.d ./Drivers/STM32L4xx_HAL_Driver/Src/stm32l4xx_hal_flash.o ./Drivers/STM32L4xx_HAL_Driver/Src/stm32l4xx_hal_flash.su ./Drivers/STM32L4xx_HAL_Driver/Src/stm32l4xx_hal_flash_ex.cyclo ./Drivers/STM32L4xx_HAL_Driver/Src/stm32l4xx_hal_flash_ex.d ./Drivers/STM32L4xx_HAL_Driver/Src/stm32l4xx_hal_flash_ex.o ./Drivers/STM32L4xx_HAL_Driver/Src/stm32l4xx_hal_flash_ex.su ./Drivers/STM32L4xx_HAL_Driver/Src/stm32l4xx_hal_flash_ramfunc.cyclo ./Drivers/STM32L4xx_HAL_Driver/Src/stm32l4xx_hal_flash_ramfunc.d ./Drivers/STM32L4xx_HAL_Driver/Src/stm32l4xx_hal_flash_ramfunc.o ./Drivers/STM32L4xx_HAL_Driver/Src/stm32l4xx_hal_flash_ramfunc.su ./Drivers/STM32L4xx_HAL_Driver/Src/stm32l4xx_hal_gfxmmu.cyclo ./Drivers/STM32L4xx_HAL_Driver/Src/stm32l4xx_hal_gfxmmu.d ./Drivers/STM32L4xx_HAL_Driver/Src/stm32l4xx_hal_gfxmmu.o ./Drivers/STM32L4xx_HAL_Driver/Src/stm32l4xx_hal_gfxmmu.su ./Drivers/STM32L4xx_HAL_Driver/Src/stm32l4xx_hal_gpio.cyclo ./Drivers/STM32L4xx_HAL_Driver/Src/stm32l4xx_hal_gpio.d
rm -rf ./Drivers/BSP/Components/wm8994/wm8994.cyclo ./Drivers/BSP/Components/wm8994/wm8994.d ./Drivers/BSP/Components/wm8994/wm8994.o ./Drivers/BSP/Components/wm8994/wm8994.su
rm -rf ./Drivers/BSP/Components/stmpe811/stmpe811.cyclo ./Drivers/BSP/Components/stmpe811/stmpe811.d ./Drivers/BSP/Components/stmpe811/stmpe811.o ./Drivers/BSP/Components/stmpe811/stmpe811.su
rm -rf ./Drivers/BSP/Components/stmpe1600/stmpe1600.cyclo ./Drivers/BSP/Components/stmpe1600/stmpe1600.d ./Drivers/BSP/Components/stmpe1600/stmpe1600.o ./Drivers/BSP/Components/stmpe1600/stmpe1600.su
rm -rf ./Drivers/STM32L4xx_HAL_Driver/Src/stm32l4xx_hal_gpio.o ./Drivers/STM32L4xx_HAL_Driver/Src/stm32l4xx_hal_gpio.su ./Drivers/STM32L4xx_HAL_Driver/Src/stm32l4xx_hal_hash.cyclo ./Drivers/STM32L4xx_HAL_Driver/Src/stm32l4xx_hal_hash.d ./Drivers/STM32L4xx_HAL_Driver/Src/stm32l4xx_hal_hash.o ./Drivers/STM32L4xx_HAL_Driver/Src/stm32l4xx_hal_hash.su ./Drivers/STM32L4xx_HAL_Driver/Src/stm32l4xx_hal_hash_ex.cyclo ./Drivers/STM32L4xx_HAL_Driver/Src/stm32l4xx_hal_hash_ex.d ./Drivers/STM32L4xx_HAL_Driver/Src/stm32l4xx_hal_hash_ex.o ./Drivers/STM32L4xx_HAL_Driver/Src/stm32l4xx_hal_hash_ex.su ./Drivers/STM32L4xx_HAL_Driver/Src/stm32l4xx_hal_hcd.cyclo ./Drivers/STM32L4xx_HAL_Driver/Src/stm32l4xx_hal_hcd.d ./Drivers/STM32L4xx_HAL_Driver/Src/stm32l4xx_hal_hcd.o ./Drivers/STM32L4xx_HAL_Driver/Src/stm32l4xx_hal_hcd.su ./Drivers/STM32L4xx_HAL_Driver/Src/stm32l4xx_hal_i2c.cyclo ./Drivers/STM32L4xx_HAL_Driver/Src/stm32l4xx_hal_i2c.d ./Drivers/STM32L4xx_HAL_Driver/Src/stm32l4xx_hal_i2c.o ./Drivers/STM32L4xx_HAL_Driver/Src/stm32l4xx_hal_i2c.su ./Drivers/STM32L4xx_HAL_Driver/Src/stm32l4xx_hal_i2c_ex.cyclo ./Drivers/STM32L4xx_HAL_Driver/Src/stm32l4xx_hal_i2c_ex.d ./Drivers/STM32L4xx_HAL_Driver/Src/stm32l4xx_hal_i2c_ex.o ./Drivers/STM32L4xx_HAL_Driver/Src/stm32l4xx_hal_i2c_ex.su ./Drivers/STM32L4xx_HAL_Driver/Src/stm32l4xx_hal_irda.cyclo ./Drivers/STM32L4xx_HAL_Driver/Src/stm32l4xx_hal_irda.d ./Drivers/STM32L4xx_HAL_Driver/Src/stm32l4xx_hal_irda.o ./Drivers/STM32L4xx_HAL_Driver/Src/stm32l4xx_hal_irda.su ./Drivers/STM32L4xx_HAL_Driver/Src/stm32l4xx_hal_iwdg.cyclo ./Drivers/STM32L4xx_HAL_Driver/Src/stm32l4xx_hal_iwdg.d ./Drivers/STM32L4xx_HAL_Driver/Src/stm32l4xx_hal_iwdg.o ./Drivers/STM32L4xx_HAL_Driver/Src/stm32l4xx_hal_iwdg.su ./Drivers/STM32L4xx_HAL_Driver/Src/stm32l4xx_hal_lcd.cyclo ./Drivers/STM32L4xx_HAL_Driver/Src/stm32l4xx_hal_lcd.d ./Drivers/STM32L4xx_HAL_Driver/Src/stm32l4xx_hal_lcd.o ./Drivers/STM32L4xx_HAL_Driver/Src/stm32l4xx_hal_lcd.su ./Drivers/STM32L4xx_HAL_Driver/Src/stm32l4xx_hal_lptim.cyclo ./Drivers/STM32L4xx_HAL_Driver/Src/stm32l4xx_hal_lptim.d ./Drivers/STM32L4xx_HAL_Driver/Src/stm32l4xx_hal_lptim.o ./Drivers/STM32L4xx_HAL_Driver/Src/stm32l4xx_hal_lptim.su ./Drivers/STM32L4xx_HAL_Driver/Src/stm32l4xx_hal_ltdc.cyclo ./Drivers/STM32L4xx_HAL_Driver/Src/stm32l4xx_hal_ltdc.d ./Drivers/STM32L4xx_HAL_Driver/Src/stm32l4xx_hal_ltdc.o ./Drivers/STM32L4xx_HAL_Driver/Src/stm32l4xx_hal_ltdc.su ./Drivers/STM32L4xx_HAL_Driver/Src/stm32l4xx_hal_ltdc_ex.cyclo ./Drivers/STM32L4xx_HAL_Driver/Src/stm32l4xx_hal_ltdc_ex.d ./Drivers/STM32L4xx_HAL_Driver/Src/stm32l4xx_hal_ltdc_ex.o ./Drivers/STM32L4xx_HAL_Driver/Src/stm32l4xx_hal_ltdc_ex.su ./Drivers/STM32L4xx_HAL_Driver/Src/stm32l4xx_hal_mmc.cyclo ./Drivers/STM32L4xx_HAL_Driver/Src/stm32l4xx_hal_mmc.d ./Drivers/STM32L4xx_HAL_Driver/Src/stm32l4xx_hal_mmc.o ./Drivers/STM32L4xx_HAL_Driver/Src/stm32l4xx_hal_mmc.su ./Drivers/STM32L4xx_HAL_Driver/Src/stm32l4xx_hal_mmc_ex.cyclo ./Drivers/STM32L4xx_HAL_Driver/Src/stm32l4xx_hal_mmc_ex.d ./Drivers/STM32L4xx_HAL_Driver/Src/stm32l4xx_hal_mmc_ex.o ./Drivers/STM32L4xx_HAL_Driver/Src/stm32l4xx_hal_mmc_ex.su ./Drivers/STM32L4xx_HAL_Driver/Src/stm32l4xx_hal_msp_template.cyclo ./Drivers/STM32L4xx_HAL_Driver/Src/stm32l4xx_hal_msp_template.d ./Drivers/STM32L4xx_HAL_Driver/Src/stm32l4xx_hal_msp_template.o ./Drivers/STM32L4xx_HAL_Driver/Src/stm32l4xx_hal_msp_template.su ./Drivers/STM32L4xx_HAL_Driver/Src/stm32l4xx_hal_nand.cyclo ./Drivers/STM32L4xx_HAL_Driver/Src/stm32l4xx_hal_nand.d ./Drivers/STM32L4xx_HAL_Driver/Src/stm32l4xx_hal_nand.o ./Drivers/STM32L4xx_HAL_Driver/Src/stm32l4xx_hal_nand.su ./Drivers/STM32L4xx_HAL_Driver/Src/stm32l4xx_hal_nor.cyclo ./Drivers/STM32L4xx_HAL_Driver/Src/stm32l4xx_hal_nor.d ./Drivers/STM32L4xx_HAL_Driver/Src/stm32l4xx_hal_nor.o ./Drivers/STM32L4xx_HAL_Driver/Src/stm32l4xx_hal_nor.su ./Drivers/STM32L4xx_HAL_Driver/Src/stm32l4xx_hal_opamp.cyclo ./Drivers/STM32L4xx_HAL_Driver/Src/stm32l4xx_hal_opamp.d ./Drivers/STM32L4xx_HAL_Driver/Src/stm32l4xx_hal_opamp.o ./Drivers/STM32L4xx_HAL_Driver/Src/stm32l4xx_hal_opamp.su ./Drivers/STM32L4xx_HAL_Driver/Src/stm32l4xx_hal_opamp_ex.cyclo ./Drivers/STM32L4xx_HAL_Driver/Src/stm32l4xx_hal_opamp_ex.d ./Drivers/STM32L4xx_HAL_Driver/Src/stm32l4xx_hal_opamp_ex.o ./Drivers/STM32L4xx_HAL_Driver/Src/stm32l4xx_hal_opamp_ex.su ./Drivers/STM32L4xx_HAL_Driver/Src/stm32l4xx_hal_ospi.cyclo ./Drivers/STM32L4xx_HAL_Driver/Src/stm32l4xx_hal_ospi.d ./Drivers/STM32L4xx_HAL_Driver/Src/stm32l4xx_hal_ospi.o ./Drivers/STM32L4xx_HAL_Driver/Src/stm32l4xx_hal_ospi.su ./Drivers/STM32L4xx_HAL_Driver/Src/stm32l4xx_hal_pcd.cyclo ./Drivers/STM32L4xx_HAL_Driver/Src/stm32l4xx_hal_pcd.d ./Drivers/STM32L4xx_HAL_Driver/Src/stm32l4xx_hal_pcd.o ./Drivers/STM32L4xx_HAL_Driver/Src/stm32l4xx_hal_pcd.su ./Drivers/STM32L4xx_HAL_Driver/Src/stm32l4xx_hal_pcd_ex.cyclo ./Drivers/STM32L4xx_HAL_Driver/Src/stm32l4xx_hal_pcd_ex.d ./Drivers/STM32L4xx_HAL_Driver/Src/stm32l4xx_hal_pcd_ex.o ./Drivers/STM32L4xx_HAL_Driver/Src/stm32l4xx_hal_pcd_ex.su ./Drivers/STM32L4xx_HAL_Driver/Src/stm32l4xx_hal_pka.cyclo ./Drivers/STM32L4xx_HAL_Driver/Src/stm32l4xx_hal_pka.d ./Drivers/STM32L4xx_HAL_Driver/Src/stm32l4xx_hal_pka.o ./Drivers/STM32L4xx_HAL_Driver/Src/stm32l4xx_hal_pka.su ./Drivers/STM32L4xx_HAL_Driver/Src/stm32l4xx_hal_pssi.cyclo ./Drivers/STM32L4xx_HAL_Driver/Src/stm32l4xx_hal_pssi.d ./Drivers/STM32L4xx_HAL_Driver/Src/stm32l4xx_hal_pssi.o ./Drivers/STM32L4xx_HAL_Driver/Src/stm32l4xx_hal_pssi.su ./Drivers/STM32L4xx_HAL_Driver/Src/stm32l4xx_hal_pwr.cyclo ./Drivers/STM32L4xx_HAL_Driver/Src/stm32l4xx_hal_pwr.d ./Drivers/STM32L4xx_HAL_Driver/Src/stm32l4xx_hal_pwr.o ./Drivers/STM32L4xx_HAL_Driver/Src/stm32l4xx_hal_pwr.su ./Drivers/STM32L4xx_HAL_Driver/Src/stm32l4xx_hal_pwr_ex.cyclo ./Drivers/STM32L4xx_HAL_Driver/Src/stm32l4xx_hal_pwr_ex.d ./Drivers/STM32L4xx_HAL_Driver/Src/stm32l4xx_hal_pwr_ex.o ./Drivers/STM32L4xx_HAL_Driver/Src/stm32l4xx_hal_pwr_ex.su ./Drivers/STM32L4xx_HAL_Driver/Src/stm32l4xx_hal_qspi.cyclo
rm -rf ./Drivers/BSP/Components/st7789h2/st7789h2.cyclo ./Drivers/BSP/Components/st7789h2/st7789h2.d ./Drivers/BSP/Components/st7789h2/st7789h2.o ./Drivers/BSP/Components/st7789h2/st7789h2.su
rm -rf ./Drivers/BSP/Components/st7735/st7735.cyclo ./Drivers/BSP/Components/st7735/st7735.d ./Drivers/BSP/Components/st7735/st7735.o ./Drivers/BSP/Components/st7735/st7735.su
rm -rf ./Drivers/STM32L4xx_HAL_Driver/Src/stm32l4xx_hal_qspi.d ./Drivers/STM32L4xx_HAL_Driver/Src/stm32l4xx_hal_qspi.o ./Drivers/STM32L4xx_HAL_Driver/Src/stm32l4xx_hal_qspi.su ./Drivers/STM32L4xx_HAL_Driver/Src/stm32l4xx_hal_rcc.cyclo ./Drivers/STM32L4xx_HAL_Driver/Src/stm32l4xx_hal_rcc.d ./Drivers/STM32L4xx_HAL_Driver/Src/stm32l4xx_hal_rcc.o ./Drivers/STM32L4xx_HAL_Driver/Src/stm32l4xx_hal_rcc.su ./Drivers/STM32L4xx_HAL_Driver/Src/stm32l4xx_hal_rcc_ex.cyclo ./Drivers/STM32L4xx_HAL_Driver/Src/stm32l4xx_hal_rcc_ex.d ./Drivers/STM32L4xx_HAL_Driver/Src/stm32l4xx_hal_rcc_ex.o ./Drivers/STM32L4xx_HAL_Driver/Src/stm32l4xx_hal_rcc_ex.su ./Drivers/STM32L4xx_HAL_Driver/Src/stm32l4xx_hal_rng.cyclo ./Drivers/STM32L4xx_HAL_Driver/Src/stm32l4xx_hal_rng.d ./Drivers/STM32L4xx_HAL_Driver/Src/stm32l4xx_hal_rng.o ./Drivers/STM32L4xx_HAL_Driver/Src/stm32l4xx_hal_rng.su ./Drivers/STM32L4xx_HAL_Driver/Src/stm32l4xx_hal_rng_ex.cyclo ./Drivers/STM32L4xx_HAL_Driver/Src/stm32l4xx_hal_rng_ex.d ./Drivers/STM32L4xx_HAL_Driver/Src/stm32l4xx_hal_rng_ex.o ./Drivers/STM32L4xx_HAL_Driver/Src/stm32l4xx_hal_rng_ex.su ./Drivers/STM32L4xx_HAL_Driver/Src/stm32l4xx_hal_rtc.cyclo ./Drivers/STM32L4xx_HAL_Driver/Src/stm32l4xx_hal_rtc.d ./Drivers/STM32L4xx_HAL_Driver/Src/stm32l4xx_hal_rtc.o ./Drivers/STM32L4xx_HAL_Driver/Src/stm32l4xx_hal_rtc.su ./Drivers/STM32L4xx_HAL_Driver/Src/stm32l4xx_hal_rtc_ex.cyclo ./Drivers/STM32L4xx_HAL_Driver/Src/stm32l4xx_hal_rtc_ex.d ./Drivers/STM32L4xx_HAL_Driver/Src/stm32l4xx_hal_rtc_ex.o ./Drivers/STM32L4xx_HAL_Driver/Src/stm32l4xx_hal_rtc_ex.su ./Drivers/STM32L4xx_HAL_Driver/Src/stm32l4xx_hal_sai.cyclo ./Drivers/STM32L4xx_HAL_Driver/Src/stm32l4xx_hal_sai.d ./Drivers/STM32L4xx_HAL_Driver/Src/stm32l4xx_hal_sai.o ./Drivers/STM32L4xx_HAL_Driver/Src/stm32l4xx_hal_sai.su ./Drivers/STM32L4xx_HAL_Driver/Src/stm32l4xx_hal_sai_ex.cyclo ./Drivers/STM32L4xx_HAL_Driver/Src/stm32l4xx_hal_sai_ex.d ./Drivers/STM32L4xx_HAL_Driver/Src/stm32l4xx_hal_sai_ex.o ./Drivers/STM32L4xx_HAL_Driver/Src/stm32l4xx_hal_sai_ex.su ./Drivers/STM32L4xx_HAL_Driver/Src/stm32l4xx_hal_sd.cyclo ./Drivers/STM32L4xx_HAL_Driver/Src/stm32l4xx_hal_sd.d ./Drivers/STM32L4xx_HAL_Driver/Src/stm32l4xx_hal_sd.o ./Drivers/STM32L4xx_HAL_Driver/Src/stm32l4xx_hal_sd.su ./Drivers/STM32L4xx_HAL_Driver/Src/stm32l4xx_hal_sd_ex.cyclo ./Drivers/STM32L4xx_HAL_Driver/Src/stm32l4xx_hal_sd_ex.d ./Drivers/STM32L4xx_HAL_Driver/Src/stm32l4xx_hal_sd_ex.o ./Drivers/STM32L4xx_HAL_Driver/Src/stm32l4xx_hal_sd_ex.su ./Drivers/STM32L4xx_HAL_Driver/Src/stm32l4xx_hal_smartcard.cyclo ./Drivers/STM32L4xx_HAL_Driver/Src/stm32l4xx_hal_smartcard.d ./Drivers/STM32L4xx_HAL_Driver/Src/stm32l4xx_hal_smartcard.o ./Drivers/STM32L4xx_HAL_Driver/Src/stm32l4xx_hal_smartcard.su ./Drivers/STM32L4xx_HAL_Driver/Src/stm32l4xx_hal_smartcard_ex.cyclo ./Drivers/STM32L4xx_HAL_Driver/Src/stm32l4xx_hal_smartcard_ex.d ./Drivers/STM32L4xx_HAL_Driver/Src/stm32l4xx_hal_smartcard_ex.o ./Drivers/STM32L4xx_HAL_Driver/Src/stm32l4xx_hal_smartcard_ex.su ./Drivers/STM32L4xx_HAL_Driver/Src/stm32l4xx_hal_smbus.cyclo ./Drivers/STM32L4xx_HAL_Driver/Src/stm32l4xx_hal_smbus.d ./Drivers/STM32L4xx_HAL_Driver/Src/stm32l4xx_hal_smbus.o ./Drivers/STM32L4xx_HAL_Driver/Src/stm32l4xx_hal_smbus.su ./Drivers/STM32L4xx_HAL_Driver/Src/stm32l4xx_hal_smbus_ex.cyclo ./Drivers/STM32L4xx_HAL_Driver/Src/stm32l4xx_hal_smbus_ex.d ./Drivers/STM32L4xx_HAL_Driver/Src/stm32l4xx_hal_smbus_ex.o ./Drivers/STM32L4xx_HAL_Driver/Src/stm32l4xx_hal_smbus_ex.su ./Drivers/STM32L4xx_HAL_Driver/Src/stm32l4xx_hal_spi.cyclo ./Drivers/STM32L4xx_HAL_Driver/Src/stm32l4xx_hal_spi.d ./Drivers/STM32L4xx_HAL_Driver/Src/stm32l4xx_hal_spi.o ./Drivers/STM32L4xx_HAL_Driver/Src/stm32l4xx_hal_spi.su ./Drivers/STM32L4xx_HAL_Driver/Src/stm32l4xx_hal_spi_ex.cyclo ./Drivers/STM32L4xx_HAL_Driver/Src/stm32l4xx_hal_spi_ex.d ./Drivers/STM32L4xx_HAL_Driver/Src/stm32l4xx_hal_spi_ex.o ./Drivers/STM32L4xx_HAL_Driver/Src/stm32l4xx_hal_spi_ex.su ./Drivers/STM32L4xx_HAL_Driver/Src/stm32l4xx_hal_sram.cyclo ./Drivers/STM32L4xx_HAL_Driver/Src/stm32l4xx_hal_sram.d ./Drivers/STM32L4xx_HAL_Driver/Src/stm32l4xx_hal_sram.o ./Drivers/STM32L4xx_HAL_Driver/Src/stm32l4xx_hal_sram.su ./Drivers/STM32L4xx_HAL_Driver/Src/stm32l4xx_hal_swpmi.cyclo ./Drivers/STM32L4xx_HAL_Driver/Src/stm32l4xx_hal_swpmi.d ./Drivers/STM32L4xx_HAL_Driver/Src/stm32l4xx_hal_swpmi.o ./Drivers/STM32L4xx_HAL_Driver/Src/stm32l4xx_hal_swpmi.su ./Drivers/STM32L4xx_HAL_Driver/Src/stm32l4xx_hal_tim.cyclo ./Drivers/STM32L4xx_HAL_Driver/Src/stm32l4xx_hal_tim.d ./Drivers/STM32L4xx_HAL_Driver/Src/stm32l4xx_hal_tim.o ./Drivers/STM32L4xx_HAL_Driver/Src/stm32l4xx_hal_tim.su ./Drivers/STM32L4xx_HAL_Driver/Src/stm32l4xx_hal_tim_ex.cyclo ./Drivers/STM32L4xx_HAL_Driver/Src/stm32l4xx_hal_tim_ex.d ./Drivers/STM32L4xx_HAL_Driver/Src/stm32l4xx_hal_tim_ex.o ./Drivers/STM32L4xx_HAL_Driver/Src/stm32l4xx_hal_tim_ex.su ./Drivers/STM32L4xx_HAL_Driver/Src/stm32l4xx_hal_tsc.cyclo ./Drivers/STM32L4xx_HAL_Driver/Src/stm32l4xx_hal_tsc.d ./Drivers/STM32L4xx_HAL_Driver/Src/stm32l4xx_hal_tsc.o ./Drivers/STM32L4xx_HAL_Driver/Src/stm32l4xx_hal_tsc.su ./Drivers/STM32L4xx_HAL_Driver/Src/stm32l4xx_hal_uart.cyclo ./Drivers/STM32L4xx_HAL_Driver/Src/stm32l4xx_hal_uart.d ./Drivers/STM32L4xx_HAL_Driver/Src/stm32l4xx_hal_uart.o ./Drivers/STM32L4xx_HAL_Driver/Src/stm32l4xx_hal_uart.su ./Drivers/STM32L4xx_HAL_Driver/Src/stm32l4xx_hal_uart_ex.cyclo ./Drivers/STM32L4xx_HAL_Driver/Src/stm32l4xx_hal_uart_ex.d ./Drivers/STM32L4xx_HAL_Driver/Src/stm32l4xx_hal_uart_ex.o ./Drivers/STM32L4xx_HAL_Driver/Src/stm32l4xx_hal_uart_ex.su ./Drivers/STM32L4xx_HAL_Driver/Src/stm32l4xx_hal_usart.cyclo ./Drivers/STM32L4xx_HAL_Driver/Src/stm32l4xx_hal_usart.d ./Drivers/STM32L4xx_HAL_Driver/Src/stm32l4xx_hal_usart.o ./Drivers/STM32L4xx_HAL_Driver/Src/stm32l4xx_hal_usart.su ./Drivers/STM32L4xx_HAL_Driver/Src/stm32l4xx_hal_usart_ex.cyclo ./Drivers/STM32L4xx_HAL_Driver/Src/stm32l4xx_hal_usart_ex.d ./Drivers/STM32L4xx_HAL_Driver/Src/stm32l4xx_hal_usart_ex.o
rm -rf ./Drivers/BSP/Components/st25dv/st25dv.cyclo ./Drivers/BSP/Components/st25dv/st25dv.d ./Drivers/BSP/Components/st25dv/st25dv.o ./Drivers/BSP/Components/st25dv/st25dv.su ./Drivers/BSP/Components/st25dv/st25dv_reg.cyclo ./Drivers/BSP/Components/st25dv/st25dv_reg.d ./Drivers/BSP/Components/st25dv/st25dv_reg.o ./Drivers/BSP/Components/st25dv/st25dv_reg.su
rm -rf ./Drivers/BSP/Components/ov9655/ov9655.cyclo ./Drivers/BSP/Components/ov9655/ov9655.d ./Drivers/BSP/Components/ov9655/ov9655.o ./Drivers/BSP/Components/ov9655/ov9655.su
rm -rf ./Drivers/STM32L4xx_HAL_Driver/Src/stm32l4xx_hal_usart_ex.su ./Drivers/STM32L4xx_HAL_Driver/Src/stm32l4xx_hal_wwdg.cyclo ./Drivers/STM32L4xx_HAL_Driver/Src/stm32l4xx_hal_wwdg.d ./Drivers/STM32L4xx_HAL_Driver/Src/stm32l4xx_hal_wwdg.o ./Drivers/STM32L4xx_HAL_Driver/Src/stm32l4xx_hal_wwdg.su ./Drivers/STM32L4xx_HAL_Driver/Src/stm32l4xx_ll_adc.cyclo ./Drivers/STM32L4xx_HAL_Driver/Src/stm32l4xx_ll_adc.d ./Drivers/STM32L4xx_HAL_Driver/Src/stm32l4xx_ll_adc.o ./Drivers/STM32L4xx_HAL_Driver/Src/stm32l4xx_ll_adc.su ./Drivers/STM32L4xx_HAL_Driver/Src/stm32l4xx_ll_comp.cyclo ./Drivers/STM32L4xx_HAL_Driver/Src/stm32l4xx_ll_comp.d ./Drivers/STM32L4xx_HAL_Driver/Src/stm32l4xx_ll_comp.o ./Drivers/STM32L4xx_HAL_Driver/Src/stm32l4xx_ll_comp.su ./Drivers/STM32L4xx_HAL_Driver/Src/stm32l4xx_ll_crc.cyclo ./Drivers/STM32L4xx_HAL_Driver/Src/stm32l4xx_ll_crc.d ./Drivers/STM32L4xx_HAL_Driver/Src/stm32l4xx_ll_crc.o ./Drivers/STM32L4xx_HAL_Driver/Src/stm32l4xx_ll_crc.su ./Drivers/STM32L4xx_HAL_Driver/Src/stm32l4xx_ll_crs.cyclo ./Drivers/STM32L4xx_HAL_Driver/Src/stm32l4xx_ll_crs.d ./Drivers/STM32L4xx_HAL_Driver/Src/stm32l4xx_ll_crs.o ./Drivers/STM32L4xx_HAL_Driver/Src/stm32l4xx_ll_crs.su ./Drivers/STM32L4xx_HAL_Driver/Src/stm32l4xx_ll_dac.cyclo ./Drivers/STM32L4xx_HAL_Driver/Src/stm32l4xx_ll_dac.d ./Drivers/STM32L4xx_HAL_Driver/Src/stm32l4xx_ll_dac.o ./Drivers/STM32L4xx_HAL_Driver/Src/stm32l4xx_ll_dac.su ./Drivers/STM32L4xx_HAL_Driver/Src/stm32l4xx_ll_dma.cyclo ./Drivers/STM32L4xx_HAL_Driver/Src/stm32l4xx_ll_dma.d ./Drivers/STM32L4xx_HAL_Driver/Src/stm32l4xx_ll_dma.o ./Drivers/STM32L4xx_HAL_Driver/Src/stm32l4xx_ll_dma.su ./Drivers/STM32L4xx_HAL_Driver/Src/stm32l4xx_ll_dma2d.cyclo ./Drivers/STM32L4xx_HAL_Driver/Src/stm32l4xx_ll_dma2d.d ./Drivers/STM32L4xx_HAL_Driver/Src/stm32l4xx_ll_dma2d.o ./Drivers/STM32L4xx_HAL_Driver/Src/stm32l4xx_ll_dma2d.su ./Drivers/STM32L4xx_HAL_Driver/Src/stm32l4xx_ll_exti.cyclo ./Drivers/STM32L4xx_HAL_Driver/Src/stm32l4xx_ll_exti.d ./Drivers/STM32L4xx_HAL_Driver/Src/stm32l4xx_ll_exti.o ./Drivers/STM32L4xx_HAL_Driver/Src/stm32l4xx_ll_exti.su ./Drivers/STM32L4xx_HAL_Driver/Src/stm32l4xx_ll_fmc.cyclo ./Drivers/STM32L4xx_HAL_Driver/Src/stm32l4xx_ll_fmc.d ./Drivers/STM32L4xx_HAL_Driver/Src/stm32l4xx_ll_fmc.o ./Drivers/STM32L4xx_HAL_Driver/Src/stm32l4xx_ll_fmc.su ./Drivers/STM32L4xx_HAL_Driver/Src/stm32l4xx_ll_gpio.cyclo ./Drivers/STM32L4xx_HAL_Driver/Src/stm32l4xx_ll_gpio.d ./Drivers/STM32L4xx_HAL_Driver/Src/stm32l4xx_ll_gpio.o ./Drivers/STM32L4xx_HAL_Driver/Src/stm32l4xx_ll_gpio.su ./Drivers/STM32L4xx_HAL_Driver/Src/stm32l4xx_ll_i2c.cyclo ./Drivers/STM32L4xx_HAL_Driver/Src/stm32l4xx_ll_i2c.d ./Drivers/STM32L4xx_HAL_Driver/Src/stm32l4xx_ll_i2c.o ./Drivers/STM32L4xx_HAL_Driver/Src/stm32l4xx_ll_i2c.su ./Drivers/STM32L4xx_HAL_Driver/Src/stm32l4xx_ll_lptim.cyclo ./Drivers/STM32L4xx_HAL_Driver/Src/stm32l4xx_ll_lptim.d ./Drivers/STM32L4xx_HAL_Driver/Src/stm32l4xx_ll_lptim.o ./Drivers/STM32L4xx_HAL_Driver/Src/stm32l4xx_ll_lptim.su ./Drivers/STM32L4xx_HAL_Driver/Src/stm32l4xx_ll_lpuart.cyclo ./Drivers/STM32L4xx_HAL_Driver/Src/stm32l4xx_ll_lpuart.d ./Drivers/STM32L4xx_HAL_Driver/Src/stm32l4xx_ll_lpuart.o ./Drivers/STM32L4xx_HAL_Driver/Src/stm32l4xx_ll_lpuart.su ./Drivers/STM32L4xx_HAL_Driver/Src/stm32l4xx_ll_opamp.cyclo ./Drivers/STM32L4xx_HAL_Driver/Src/stm32l4xx_ll_opamp.d ./Drivers/STM32L4xx_HAL_Driver/Src/stm32l4xx_ll_opamp.o ./Drivers/STM32L4xx_HAL_Driver/Src/stm32l4xx_ll_opamp.su ./Drivers/STM32L4xx_HAL_Driver/Src/stm32l4xx_ll_pka.cyclo ./Drivers/STM32L4xx_HAL_Driver/Src/stm32l4xx_ll_pka.d ./Drivers/STM32L4xx_HAL_Driver/Src/stm32l4xx_ll_pka.o ./Drivers/STM32L4xx_HAL_Driver/Src/stm32l4xx_ll_pka.su ./Drivers/STM32L4xx_HAL_Driver/Src/stm32l4xx_ll_pwr.cyclo ./Drivers/STM32L4xx_HAL_Driver/Src/stm32l4xx_ll_pwr.d ./Drivers/STM32L4xx_HAL_Driver/Src/stm32l4xx_ll_pwr.o ./Drivers/STM32L4xx_HAL_Driver/Src/stm32l4xx_ll_pwr.su ./Drivers/STM32L4xx_HAL_Driver/Src/stm32l4xx_ll_rcc.cyclo ./Drivers/STM32L4xx_HAL_Driver/Src/stm32l4xx_ll_rcc.d ./Drivers/STM32L4xx_HAL_Driver/Src/stm32l4xx_ll_rcc.o ./Drivers/STM32L4xx_HAL_Driver/Src/stm32l4xx_ll_rcc.su ./Drivers/STM32L4xx_HAL_Driver/Src/stm32l4xx_ll_rng.cyclo ./Drivers/STM32L4xx_HAL_Driver/Src/stm32l4xx_ll_rng.d ./Drivers/STM32L4xx_HAL_Driver/Src/stm32l4xx_ll_rng.o ./Drivers/STM32L4xx_HAL_Driver/Src/stm32l4xx_ll_rng.su ./Drivers/STM32L4xx_HAL_Driver/Src/stm32l4xx_ll_rtc.cyclo ./Drivers/STM32L4xx_HAL_Driver/Src/stm32l4xx_ll_rtc.d ./Drivers/STM32L4xx_HAL_Driver/Src/stm32l4xx_ll_rtc.o ./Drivers/STM32L4xx_HAL_Driver/Src/stm32l4xx_ll_rtc.su ./Drivers/STM32L4xx_HAL_Driver/Src/stm32l4xx_ll_sdmmc.cyclo ./Drivers/STM32L4xx_HAL_Driver/Src/stm32l4xx_ll_sdmmc.d ./Drivers/STM32L4xx_HAL_Driver/Src/stm32l4xx_ll_sdmmc.o ./Drivers/STM32L4xx_HAL_Driver/Src/stm32l4xx_ll_sdmmc.su ./Drivers/STM32L4xx_HAL_Driver/Src/stm32l4xx_ll_spi.cyclo ./Drivers/STM32L4xx_HAL_Driver/Src/stm32l4xx_ll_spi.d ./Drivers/STM32L4xx_HAL_Driver/Src/stm32l4xx_ll_spi.o ./Drivers/STM32L4xx_HAL_Driver/Src/stm32l4xx_ll_spi.su ./Drivers/STM32L4xx_HAL_Driver/Src/stm32l4xx_ll_swpmi.cyclo ./Drivers/STM32L4xx_HAL_Driver/Src/stm32l4xx_ll_swpmi.d ./Drivers/STM32L4xx_HAL_Driver/Src/stm32l4xx_ll_swpmi.o ./Drivers/STM32L4xx_HAL_Driver/Src/stm32l4xx_ll_swpmi.su ./Drivers/STM32L4xx_HAL_Driver/Src/stm32l4xx_ll_tim.cyclo ./Drivers/STM32L4xx_HAL_Driver/Src/stm32l4xx_ll_tim.d ./Drivers/STM32L4xx_HAL_Driver/Src/stm32l4xx_ll_tim.o ./Drivers/STM32L4xx_HAL_Driver/Src/stm32l4xx_ll_tim.su ./Drivers/STM32L4xx_HAL_Driver/Src/stm32l4xx_ll_usart.cyclo ./Drivers/STM32L4xx_HAL_Driver/Src/stm32l4xx_ll_usart.d ./Drivers/STM32L4xx_HAL_Driver/Src/stm32l4xx_ll_usart.o ./Drivers/STM32L4xx_HAL_Driver/Src/stm32l4xx_ll_usart.su ./Drivers/STM32L4xx_HAL_Driver/Src/stm32l4xx_ll_usb.cyclo ./Drivers/STM32L4xx_HAL_Driver/Src/stm32l4xx_ll_usb.d ./Drivers/STM32L4xx_HAL_Driver/Src/stm32l4xx_ll_usb.o ./Drivers/STM32L4xx_HAL_Driver/Src/stm32l4xx_ll_usb.su ./Drivers/STM32L4xx_HAL_Driver/Src/stm32l4xx_ll_utils.cyclo
rm -rf ./Drivers/BSP/Components/mfxstm32l152/mfxstm32l152.cyclo ./Drivers/BSP/Components/mfxstm32l152/mfxstm32l152.d ./Drivers/BSP/Components/mfxstm32l152/mfxstm32l152.o ./Drivers/BSP/Components/mfxstm32l152/mfxstm32l152.su
rm -rf ./Drivers/BSP/Components/m24sr/m24sr.cyclo ./Drivers/BSP/Components/m24sr/m24sr.d ./Drivers/BSP/Components/m24sr/m24sr.o ./Drivers/BSP/Components/m24sr/m24sr.su
rm -rf ./Drivers/STM32L4xx_HAL_Driver/Src/stm32l4xx_ll_utils.d ./Drivers/STM32L4xx_HAL_Driver/Src/stm32l4xx_ll_utils.o ./Drivers/STM32L4xx_HAL_Driver/Src/stm32l4xx_ll_utils.su
rm -rf ./Drivers/BSP/Components/lsm6dsl/lsm6dsl.cyclo ./Drivers/BSP/Components/lsm6dsl/lsm6dsl.d ./Drivers/BSP/Components/lsm6dsl/lsm6dsl.o ./Drivers/BSP/Components/lsm6dsl/lsm6dsl.su
rm -rf ./Drivers/BSP/Components/lsm303dlhc/lsm303dlhc.cyclo ./Drivers/BSP/Components/lsm303dlhc/lsm303dlhc.d ./Drivers/BSP/Components/lsm303dlhc/lsm303dlhc.o ./Drivers/BSP/Components/lsm303dlhc/lsm303dlhc.su
rm -rf ./Drivers/BSP/Components/lsm303c/lsm303c.cyclo ./Drivers/BSP/Components/lsm303c/lsm303c.d ./Drivers/BSP/Components/lsm303c/lsm303c.o ./Drivers/BSP/Components/lsm303c/lsm303c.su
rm -rf ./Drivers/BSP/Components/ls016b8uy/ls016b8uy.cyclo ./Drivers/BSP/Components/ls016b8uy/ls016b8uy.d ./Drivers/BSP/Components/ls016b8uy/ls016b8uy.o ./Drivers/BSP/Components/ls016b8uy/ls016b8uy.su
rm -rf ./Drivers/BSP/Components/lps22hb/lps22hb.cyclo ./Drivers/BSP/Components/lps22hb/lps22hb.d ./Drivers/BSP/Components/lps22hb/lps22hb.o ./Drivers/BSP/Components/lps22hb/lps22hb.su
rm -rf ./Drivers/BSP/Components/lis3mdl/lis3mdl.cyclo ./Drivers/BSP/Components/lis3mdl/lis3mdl.d ./Drivers/BSP/Components/lis3mdl/lis3mdl.o ./Drivers/BSP/Components/lis3mdl/lis3mdl.su
rm -rf ./Drivers/BSP/Components/l3gd20/l3gd20.cyclo ./Drivers/BSP/Components/l3gd20/l3gd20.d ./Drivers/BSP/Components/l3gd20/l3gd20.o ./Drivers/BSP/Components/l3gd20/l3gd20.su
rm -rf ./Drivers/BSP/Components/hx8347i/hx8347i.cyclo ./Drivers/BSP/Components/hx8347i/hx8347i.d ./Drivers/BSP/Components/hx8347i/hx8347i.o ./Drivers/BSP/Components/hx8347i/hx8347i.su
rm -rf ./Drivers/BSP/Components/hx8347g/hx8347g.cyclo ./Drivers/BSP/Components/hx8347g/hx8347g.d ./Drivers/BSP/Components/hx8347g/hx8347g.o ./Drivers/BSP/Components/hx8347g/hx8347g.su
rm -rf ./Drivers/BSP/Components/hts221/hts221.cyclo ./Drivers/BSP/Components/hts221/hts221.d ./Drivers/BSP/Components/hts221/hts221.o ./Drivers/BSP/Components/hts221/hts221.su
rm -rf ./Drivers/BSP/Components/ft6x06/ft6x06.cyclo ./Drivers/BSP/Components/ft6x06/ft6x06.d ./Drivers/BSP/Components/ft6x06/ft6x06.o ./Drivers/BSP/Components/ft6x06/ft6x06.su
rm -rf ./Drivers/BSP/Components/ft5336/ft5336.cyclo ./Drivers/BSP/Components/ft5336/ft5336.d ./Drivers/BSP/Components/ft5336/ft5336.o ./Drivers/BSP/Components/ft5336/ft5336.su
rm -rf ./Drivers/BSP/Components/ft3x67/ft3x67.cyclo ./Drivers/BSP/Components/ft3x67/ft3x67.d ./Drivers/BSP/Components/ft3x67/ft3x67.o ./Drivers/BSP/Components/ft3x67/ft3x67.su
rm -rf ./Drivers/BSP/Components/cy8c4014lqi/cy8c4014lqi.cyclo ./Drivers/BSP/Components/cy8c4014lqi/cy8c4014lqi.d ./Drivers/BSP/Components/cy8c4014lqi/cy8c4014lqi.o ./Drivers/BSP/Components/cy8c4014lqi/cy8c4014lqi.su
rm -rf ./Drivers/BSP/Components/cs43l22/cs43l22.cyclo ./Drivers/BSP/Components/cs43l22/cs43l22.d ./Drivers/BSP/Components/cs43l22/cs43l22.o ./Drivers/BSP/Components/cs43l22/cs43l22.su
rm -rf ./Drivers/BSP/Components/cs42l51/cs42l51.cyclo ./Drivers/BSP/Components/cs42l51/cs42l51.d ./Drivers/BSP/Components/cs42l51/cs42l51.o ./Drivers/BSP/Components/cs42l51/cs42l51.su
rm -rf ./Drivers/BSP/B-L475E-IOT01/stm32l475e_iot01.cyclo ./Drivers/BSP/B-L475E-IOT01/stm32l475e_iot01.d ./Drivers/BSP/B-L475E-IOT01/stm32l475e_iot01.o ./Drivers/BSP/B-L475E-IOT01/stm32l475e_iot01.su ./Drivers/BSP/B-L475E-IOT01/stm32l475e_iot01_accelero.cyclo ./Drivers/BSP/B-L475E-IOT01/stm32l475e_iot01_accelero.d ./Drivers/BSP/B-L475E-IOT01/stm32l475e_iot01_accelero.o ./Drivers/BSP/B-L475E-IOT01/stm32l475e_iot01_accelero.su ./Drivers/BSP/B-L475E-IOT01/stm32l475e_iot01_gyro.cyclo ./Drivers/BSP/B-L475E-IOT01/stm32l475e_iot01_gyro.d ./Drivers/BSP/B-L475E-IOT01/stm32l475e_iot01_gyro.o ./Drivers/BSP/B-L475E-IOT01/stm32l475e_iot01_gyro.su ./Drivers/BSP/B-L475E-IOT01/stm32l475e_iot01_hsensor.cyclo ./Drivers/BSP/B-L475E-IOT01/stm32l475e_iot01_hsensor.d ./Drivers/BSP/B-L475E-IOT01/stm32l475e_iot01_hsensor.o ./Drivers/BSP/B-L475E-IOT01/stm32l475e_iot01_hsensor.su ./Drivers/BSP/B-L475E-IOT01/stm32l475e_iot01_magneto.cyclo ./Drivers/BSP/B-L475E-IOT01/stm32l475e_iot01_magneto.d ./Drivers/BSP/B-L475E-IOT01/stm32l475e_iot01_magneto.o ./Drivers/BSP/B-L475E-IOT01/stm32l475e_iot01_magneto.su ./Drivers/BSP/B-L475E-IOT01/stm32l475e_iot01_psensor.cyclo ./Drivers/BSP/B-L475E-IOT01/stm32l475e_iot01_psensor.d ./Drivers/BSP/B-L475E-IOT01/stm32l475e_iot01_psensor.o ./Drivers/BSP/B-L475E-IOT01/stm32l475e_iot01_psensor.su ./Drivers/BSP/B-L475E-IOT01/stm32l475e_iot01_qspi.cyclo ./Drivers/BSP/B-L475E-IOT01/stm32l475e_iot01_qspi.d ./Drivers/BSP/B-L475E-IOT01/stm32l475e_iot01_qspi.o ./Drivers/BSP/B-L475E-IOT01/stm32l475e_iot01_qspi.su ./Drivers/BSP/B-L475E-IOT01/stm32l475e_iot01_tsensor.cyclo ./Drivers/BSP/B-L475E-IOT01/stm32l475e_iot01_tsensor.d ./Drivers/BSP/B-L475E-IOT01/stm32l475e_iot01_tsensor.o ./Drivers/BSP/B-L475E-IOT01/stm32l475e_iot01_tsensor.su
rm -rf ./Core/Startup/startup_stm32l475vgtx.d ./Core/Startup/startup_stm32l475vgtx.o
rm -rf ./Core/Src/es_wifi.cyclo ./Core/Src/es_wifi.d ./Core/Src/es_wifi.o ./Core/Src/es_wifi.su ./Core/Src/es_wifi_io.cyclo ./Core/Src/es_wifi_io.d ./Core/Src/es_wifi_io.o ./Core/Src/es_wifi_io.su ./Core/Src/main.cyclo ./Core/Src/main.d ./Core/Src/main.o ./Core/Src/main.su ./Core/Src/stm32l4xx_hal_msp.cyclo ./Core/Src/stm32l4xx_hal_msp.d ./Core/Src/stm32l4xx_hal_msp.o ./Core/Src/stm32l4xx_hal_msp.su ./Core/Src/stm32l4xx_it.cyclo ./Core/Src/stm32l4xx_it.d ./Core/Src/stm32l4xx_it.o ./Core/Src/stm32l4xx_it.su ./Core/Src/syscalls.cyclo ./Core/Src/syscalls.d ./Core/Src/syscalls.o ./Core/Src/syscalls.su ./Core/Src/sysmem.cyclo ./Core/Src/sysmem.d ./Core/Src/sysmem.o ./Core/Src/sysmem.su ./Core/Src/system_stm32l4xx.cyclo ./Core/Src/system_stm32l4xx.d ./Core/Src/system_stm32l4xx.o ./Core/Src/system_stm32l4xx.su ./Core/Src/wifi.cyclo ./Core/Src/wifi.d ./Core/Src/wifi.o ./Core/Src/wifi.su
rm -rf Project.elf Project.list Project.map default.size.stdout
 
23:13:03 **** Build of configuration Debug for project Project ****
make -j20 all 
arm-none-eabi-gcc "../Drivers/STM32L4xx_HAL_Driver/Src/stm32l4xx_hal.c" -mcpu=cortex-m4 -std=gnu11 -g3 -DDEBUG -DUSE_HAL_DRIVER -DSTM32L475xx -c -I../Core/Inc -I../Drivers/BSP/B-L475E-IOT01 -I../Drivers/STM32L4xx_HAL_Driver/Inc -I../Drivers/STM32L4xx_HAL_Driver/Inc/Legacy -I../Drivers/CMSIS/Device/ST/STM32L4xx/Include -I../Drivers/CMSIS/Include -O0 -ffunction-sections -fdata-sections -Wall -fstack-usage -fcyclomatic-complexity -MMD -MP -MF"Drivers/STM32L4xx_HAL_Driver/Src/stm32l4xx_hal.d" -MT"Drivers/STM32L4xx_HAL_Driver/Src/stm32l4xx_hal.o" --specs=nano.specs -mfpu=fpv4-sp-d16 -mfloat-abi=hard -mthumb -o "Drivers/STM32L4xx_HAL_Driver/Src/stm32l4xx_hal.o"
arm-none-eabi-gcc "../Drivers/STM32L4xx_HAL_Driver/Src/stm32l4xx_hal_cortex.c" -mcpu=cortex-m4 -std=gnu11 -g3 -DDEBUG -DUSE_HAL_DRIVER -DSTM32L475xx -c -I../Core/Inc -I../Drivers/BSP/B-L475E-IOT01 -I../Drivers/STM32L4xx_HAL_Driver/Inc -I../Drivers/STM32L4xx_HAL_Driver/Inc/Legacy -I../Drivers/CMSIS/Device/ST/STM32L4xx/Include -I../Drivers/CMSIS/Include -O0 -ffunction-sections -fdata-sections -Wall -fstack-usage -fcyclomatic-complexity -MMD -MP -MF"Drivers/STM32L4xx_HAL_Driver/Src/stm32l4xx_hal_cortex.d" -MT"Drivers/STM32L4xx_HAL_Driver/Src/stm32l4xx_hal_cortex.o" --specs=nano.specs -mfpu=fpv4-sp-d16 -mfloat-abi=hard -mthumb -o "Drivers/STM32L4xx_HAL_Driver/Src/stm32l4xx_hal_cortex.o"
arm-none-eabi-gcc "../Drivers/STM32L4xx_HAL_Driver/Src/stm32l4xx_hal_dfsdm.c" -mcpu=cortex-m4 -std=gnu11 -g3 -DDEBUG -DUSE_HAL_DRIVER -DSTM32L475xx -c -I../Core/Inc -I../Drivers/BSP/B-L475E-IOT01 -I../Drivers/STM32L4xx_HAL_Driver/Inc -I../Drivers/STM32L4xx_HAL_Driver/Inc/Legacy -I../Drivers/CMSIS/Device/ST/STM32L4xx/Include -I../Drivers/CMSIS/Include -O0 -ffunction-sections -fdata-sections -Wall -fstack-usage -fcyclomatic-complexity -MMD -MP -MF"Drivers/STM32L4xx_HAL_Driver/Src/stm32l4xx_hal_dfsdm.d" -MT"Drivers/STM32L4xx_HAL_Driver/Src/stm32l4xx_hal_dfsdm.o" --specs=nano.specs -mfpu=fpv4-sp-d16 -mfloat-abi=hard -mthumb -o "Drivers/STM32L4xx_HAL_Driver/Src/stm32l4xx_hal_dfsdm.o"
arm-none-eabi-gcc "../Drivers/STM32L4xx_HAL_Driver/Src/stm32l4xx_hal_dma.c" -mcpu=cortex-m4 -std=gnu11 -g3 -DDEBUG -DUSE_HAL_DRIVER -DSTM32L475xx -c -I../Core/Inc -I../Drivers/BSP/B-L475E-IOT01 -I../Drivers/STM32L4xx_HAL_Driver/Inc -I../Drivers/STM32L4xx_HAL_Driver/Inc/Legacy -I../Drivers/CMSIS/Device/ST/STM32L4xx/Include -I../Drivers/CMSIS/Include -O0 -ffunction-sections -fdata-sections -Wall -fstack-usage -fcyclomatic-complexity -MMD -MP -MF"Drivers/STM32L4xx_HAL_Driver/Src/stm32l4xx_hal_dma.d" -MT"Drivers/STM32L4xx_HAL_Driver/Src/stm32l4xx_hal_dma.o" --specs=nano.specs -mfpu=fpv4-sp-d16 -mfloat-abi=hard -mthumb -o "Drivers/STM32L4xx_HAL_Driver/Src/stm32l4xx_hal_dma.o"
arm-none-eabi-gcc "../Drivers/STM32L4xx_HAL_Driver/Src/stm32l4xx_hal_dma_ex.c" -mcpu=cortex-m4 -std=gnu11 -g3 -DDEBUG -DUSE_HAL_DRIVER -DSTM32L475xx -c -I../Core/Inc -I../Drivers/BSP/B-L475E-IOT01 -I../Drivers/STM32L4xx_HAL_Driver/Inc -I../Drivers/STM32L4xx_HAL_Driver/Inc/Legacy -I../Drivers/CMSIS/Device/ST/STM32L4xx/Include -I../Drivers/CMSIS/Include -O0 -ffunction-sections -fdata-sections -Wall -fstack-usage -fcyclomatic-complexity -MMD -MP -MF"Drivers/STM32L4xx_HAL_Driver/Src/stm32l4xx_hal_dma_ex.d" -MT"Drivers/STM32L4xx_HAL_Driver/Src/stm32l4xx_hal_dma_ex.o" --specs=nano.specs -mfpu=fpv4-sp-d16 -mfloat-abi=hard -mthumb -o "Drivers/STM32L4xx_HAL_Driver/Src/stm32l4xx_hal_dma_ex.o"
arm-none-eabi-gcc "../Drivers/STM32L4xx_HAL_Driver/Src/stm32l4xx_hal_exti.c" -mcpu=cortex-m4 -std=gnu11 -g3 -DDEBUG -DUSE_HAL_DRIVER -DSTM32L475xx -c -I../Core/Inc -I../Drivers/BSP/B-L475E-IOT01 -I../Drivers/STM32L4xx_HAL_Driver/Inc -I../Drivers/STM32L4xx_HAL_Driver/Inc/Legacy -I../Drivers/CMSIS/Device/ST/STM32L4xx/Include -I../Drivers/CMSIS/Include -O0 -ffunction-sections -fdata-sections -Wall -fstack-usage -fcyclomatic-complexity -MMD -MP -MF"Drivers/STM32L4xx_HAL_Driver/Src/stm32l4xx_hal_exti.d" -MT"Drivers/STM32L4xx_HAL_Driver/Src/stm32l4xx_hal_exti.o" --specs=nano.specs -mfpu=fpv4-sp-d16 -mfloat-abi=hard -mthumb -o "Drivers/STM32L4xx_HAL_Driver/Src/stm32l4xx_hal_exti.o"
arm-none-eabi-gcc "../Drivers/STM32L4xx_HAL_Driver/Src/stm32l4xx_hal_flash.c" -mcpu=cortex-m4 -std=gnu11 -g3 -DDEBUG -DUSE_HAL_DRIVER -DSTM32L475xx -c -I../Core/Inc -I../Drivers/BSP/B-L475E-IOT01 -I../Drivers/STM32L4xx_HAL_Driver/Inc -I../Drivers/STM32L4xx_HAL_Driver/Inc/Legacy -I../Drivers/CMSIS/Device/ST/STM32L4xx/Include -I../Drivers/CMSIS/Include -O0 -ffunction-sections -fdata-sections -Wall -fstack-usage -fcyclomatic-complexity -MMD -MP -MF"Drivers/STM32L4xx_HAL_Driver/Src/stm32l4xx_hal_flash.d" -MT"Drivers/STM32L4xx_HAL_Driver/Src/stm32l4xx_hal_flash.o" --specs=nano.specs -mfpu=fpv4-sp-d16 -mfloat-abi=hard -mthumb -o "Drivers/STM32L4xx_HAL_Driver/Src/stm32l4xx_hal_flash.o"
arm-none-eabi-gcc "../Drivers/STM32L4xx_HAL_Driver/Src/stm32l4xx_hal_flash_ex.c" -mcpu=cortex-m4 -std=gnu11 -g3 -DDEBUG -DUSE_HAL_DRIVER -DSTM32L475xx -c -I../Core/Inc -I../Drivers/BSP/B-L475E-IOT01 -I../Drivers/STM32L4xx_HAL_Driver/Inc -I../Drivers/STM32L4xx_HAL_Driver/Inc/Legacy -I../Drivers/CMSIS/Device/ST/STM32L4xx/Include -I../Drivers/CMSIS/Include -O0 -ffunction-sections -fdata-sections -Wall -fstack-usage -fcyclomatic-complexity -MMD -MP -MF"Drivers/STM32L4xx_HAL_Driver/Src/stm32l4xx_hal_flash_ex.d" -MT"Drivers/STM32L4xx_HAL_Driver/Src/stm32l4xx_hal_flash_ex.o" --specs=nano.specs -mfpu=fpv4-sp-d16 -mfloat-abi=hard -mthumb -o "Drivers/STM32L4xx_HAL_Driver/Src/stm32l4xx_hal_flash_ex.o"
arm-none-eabi-gcc "../Drivers/STM32L4xx_HAL_Driver/Src/stm32l4xx_hal_flash_ramfunc.c" -mcpu=cortex-m4 -std=gnu11 -g3 -DDEBUG -DUSE_HAL_DRIVER -DSTM32L475xx -c -I../Core/Inc -I../Drivers/BSP/B-L475E-IOT01 -I../Drivers/STM32L4xx_HAL_Driver/Inc -I../Drivers/STM32L4xx_HAL_Driver/Inc/Legacy -I../Drivers/CMSIS/Device/ST/STM32L4xx/Include -I../Drivers/CMSIS/Include -O0 -ffunction-sections -fdata-sections -Wall -fstack-usage -fcyclomatic-complexity -MMD -MP -MF"Drivers/STM32L4xx_HAL_Driver/Src/stm32l4xx_hal_flash_ramfunc.d" -MT"Drivers/STM32L4xx_HAL_Driver/Src/stm32l4xx_hal_flash_ramfunc.o" --specs=nano.specs -mfpu=fpv4-sp-d16 -mfloat-abi=hard -mthumb -o "Drivers/STM32L4xx_HAL_Driver/Src/stm32l4xx_hal_flash_ramfunc.o"
arm-none-eabi-gcc "../Drivers/STM32L4xx_HAL_Driver/Src/stm32l4xx_hal_gpio.c" -mcpu=cortex-m4 -std=gnu11 -g3 -DDEBUG -DUSE_HAL_DRIVER -DSTM32L475xx -c -I../Core/Inc -I../Drivers/BSP/B-L475E-IOT01 -I../Drivers/STM32L4xx_HAL_Driver/Inc -I../Drivers/STM32L4xx_HAL_Driver/Inc/Legacy -I../Drivers/CMSIS/Device/ST/STM32L4xx/Include -I../Drivers/CMSIS/Include -O0 -ffunction-sections -fdata-sections -Wall -fstack-usage -fcyclomatic-complexity -MMD -MP -MF"Drivers/STM32L4xx_HAL_Driver/Src/stm32l4xx_hal_gpio.d" -MT"Drivers/STM32L4xx_HAL_Driver/Src/stm32l4xx_hal_gpio.o" --specs=nano.specs -mfpu=fpv4-sp-d16 -mfloat-abi=hard -mthumb -o "Drivers/STM32L4xx_HAL_Driver/Src/stm32l4xx_hal_gpio.o"
arm-none-eabi-gcc "../Drivers/STM32L4xx_HAL_Driver/Src/stm32l4xx_hal_i2c.c" -mcpu=cortex-m4 -std=gnu11 -g3 -DDEBUG -DUSE_HAL_DRIVER -DSTM32L475xx -c -I../Core/Inc -I../Drivers/BSP/B-L475E-IOT01 -I../Drivers/STM32L4xx_HAL_Driver/Inc -I../Drivers/STM32L4xx_HAL_Driver/Inc/Legacy -I../Drivers/CMSIS/Device/ST/STM32L4xx/Include -I../Drivers/CMSIS/Include -O0 -ffunction-sections -fdata-sections -Wall -fstack-usage -fcyclomatic-complexity -MMD -MP -MF"Drivers/STM32L4xx_HAL_Driver/Src/stm32l4xx_hal_i2c.d" -MT"Drivers/STM32L4xx_HAL_Driver/Src/stm32l4xx_hal_i2c.o" --specs=nano.specs -mfpu=fpv4-sp-d16 -mfloat-abi=hard -mthumb -o "Drivers/STM32L4xx_HAL_Driver/Src/stm32l4xx_hal_i2c.o"
arm-none-eabi-gcc "../Drivers/STM32L4xx_HAL_Driver/Src/stm32l4xx_hal_i2c_ex.c" -mcpu=cortex-m4 -std=gnu11 -g3 -DDEBUG -DUSE_HAL_DRIVER -DSTM32L475xx -c -I../Core/Inc -I../Drivers/BSP/B-L475E-IOT01 -I../Drivers/STM32L4xx_HAL_Driver/Inc -I../Drivers/STM32L4xx_HAL_Driver/Inc/Legacy -I../Drivers/CMSIS/Device/ST/STM32L4xx/Include -I../Drivers/CMSIS/Include -O0 -ffunction-sections -fdata-sections -Wall -fstack-usage -fcyclomatic-complexity -MMD -MP -MF"Drivers/STM32L4xx_HAL_Driver/Src/stm32l4xx_hal_i2c_ex.d" -MT"Drivers/STM32L4xx_HAL_Driver/Src/stm32l4xx_hal_i2c_ex.o" --specs=nano.specs -mfpu=fpv4-sp-d16 -mfloat-abi=hard -mthumb -o "Drivers/STM32L4xx_HAL_Driver/Src/stm32l4xx_hal_i2c_ex.o"
arm-none-eabi-gcc "../Drivers/STM32L4xx_HAL_Driver/Src/stm32l4xx_hal_pcd.c" -mcpu=cortex-m4 -std=gnu11 -g3 -DDEBUG -DUSE_HAL_DRIVER -DSTM32L475xx -c -I../Core/Inc -I../Drivers/BSP/B-L475E-IOT01 -I../Drivers/STM32L4xx_HAL_Driver/Inc -I../Drivers/STM32L4xx_HAL_Driver/Inc/Legacy -I../Drivers/CMSIS/Device/ST/STM32L4xx/Include -I../Drivers/CMSIS/Include -O0 -ffunction-sections -fdata-sections -Wall -fstack-usage -fcyclomatic-complexity -MMD -MP -MF"Drivers/STM32L4xx_HAL_Driver/Src/stm32l4xx_hal_pcd.d" -MT"Drivers/STM32L4xx_HAL_Driver/Src/stm32l4xx_hal_pcd.o" --specs=nano.specs -mfpu=fpv4-sp-d16 -mfloat-abi=hard -mthumb -o "Drivers/STM32L4xx_HAL_Driver/Src/stm32l4xx_hal_pcd.o"
arm-none-eabi-gcc "../Drivers/STM32L4xx_HAL_Driver/Src/stm32l4xx_hal_pcd_ex.c" -mcpu=cortex-m4 -std=gnu11 -g3 -DDEBUG -DUSE_HAL_DRIVER -DSTM32L475xx -c -I../Core/Inc -I../Drivers/BSP/B-L475E-IOT01 -I../Drivers/STM32L4xx_HAL_Driver/Inc -I../Drivers/STM32L4xx_HAL_Driver/Inc/Legacy -I../Drivers/CMSIS/Device/ST/STM32L4xx/Include -I../Drivers/CMSIS/Include -O0 -ffunction-sections -fdata-sections -Wall -fstack-usage -fcyclomatic-complexity -MMD -MP -MF"Drivers/STM32L4xx_HAL_Driver/Src/stm32l4xx_hal_pcd_ex.d" -MT"Drivers/STM32L4xx_HAL_Driver/Src/stm32l4xx_hal_pcd_ex.o" --specs=nano.specs -mfpu=fpv4-sp-d16 -mfloat-abi=hard -mthumb -o "Drivers/STM32L4xx_HAL_Driver/Src/stm32l4xx_hal_pcd_ex.o"
arm-none-eabi-gcc "../Drivers/STM32L4xx_HAL_Driver/Src/stm32l4xx_hal_pwr.c" -mcpu=cortex-m4 -std=gnu11 -g3 -DDEBUG -DUSE_HAL_DRIVER -DSTM32L475xx -c -I../Core/Inc -I../Drivers/BSP/B-L475E-IOT01 -I../Drivers/STM32L4xx_HAL_Driver/Inc -I../Drivers/STM32L4xx_HAL_Driver/Inc/Legacy -I../Drivers/CMSIS/Device/ST/STM32L4xx/Include -I../Drivers/CMSIS/Include -O0 -ffunction-sections -fdata-sections -Wall -fstack-usage -fcyclomatic-complexity -MMD -MP -MF"Drivers/STM32L4xx_HAL_Driver/Src/stm32l4xx_hal_pwr.d" -MT"Drivers/STM32L4xx_HAL_Driver/Src/stm32l4xx_hal_pwr.o" --specs=nano.specs -mfpu=fpv4-sp-d16 -mfloat-abi=hard -mthumb -o "Drivers/STM32L4xx_HAL_Driver/Src/stm32l4xx_hal_pwr.o"
arm-none-eabi-gcc "../Drivers/STM32L4xx_HAL_Driver/Src/stm32l4xx_hal_pwr_ex.c" -mcpu=cortex-m4 -std=gnu11 -g3 -DDEBUG -DUSE_HAL_DRIVER -DSTM32L475xx -c -I../Core/Inc -I../Drivers/BSP/B-L475E-IOT01 -I../Drivers/STM32L4xx_HAL_Driver/Inc -I../Drivers/STM32L4xx_HAL_Driver/Inc/Legacy -I../Drivers/CMSIS/Device/ST/STM32L4xx/Include -I../Drivers/CMSIS/Include -O0 -ffunction-sections -fdata-sections -Wall -fstack-usage -fcyclomatic-complexity -MMD -MP -MF"Drivers/STM32L4xx_HAL_Driver/Src/stm32l4xx_hal_pwr_ex.d" -MT"Drivers/STM32L4xx_HAL_Driver/Src/stm32l4xx_hal_pwr_ex.o" --specs=nano.specs -mfpu=fpv4-sp-d16 -mfloat-abi=hard -mthumb -o "Drivers/STM32L4xx_HAL_Driver/Src/stm32l4xx_hal_pwr_ex.o"
arm-none-eabi-gcc "../Drivers/STM32L4xx_HAL_Driver/Src/stm32l4xx_hal_qspi.c" -mcpu=cortex-m4 -std=gnu11 -g3 -DDEBUG -DUSE_HAL_DRIVER -DSTM32L475xx -c -I../Core/Inc -I../Drivers/BSP/B-L475E-IOT01 -I../Drivers/STM32L4xx_HAL_Driver/Inc -I../Drivers/STM32L4xx_HAL_Driver/Inc/Legacy -I../Drivers/CMSIS/Device/ST/STM32L4xx/Include -I../Drivers/CMSIS/Include -O0 -ffunction-sections -fdata-sections -Wall -fstack-usage -fcyclomatic-complexity -MMD -MP -MF"Drivers/STM32L4xx_HAL_Driver/Src/stm32l4xx_hal_qspi.d" -MT"Drivers/STM32L4xx_HAL_Driver/Src/stm32l4xx_hal_qspi.o" --specs=nano.specs -mfpu=fpv4-sp-d16 -mfloat-abi=hard -mthumb -o "Drivers/STM32L4xx_HAL_Driver/Src/stm32l4xx_hal_qspi.o"
arm-none-eabi-gcc "../Drivers/STM32L4xx_HAL_Driver/Src/stm32l4xx_hal_rcc.c" -mcpu=cortex-m4 -std=gnu11 -g3 -DDEBUG -DUSE_HAL_DRIVER -DSTM32L475xx -c -I../Core/Inc -I../Drivers/BSP/B-L475E-IOT01 -I../Drivers/STM32L4xx_HAL_Driver/Inc -I../Drivers/STM32L4xx_HAL_Driver/Inc/Legacy -I../Drivers/CMSIS/Device/ST/STM32L4xx/Include -I../Drivers/CMSIS/Include -O0 -ffunction-sections -fdata-sections -Wall -fstack-usage -fcyclomatic-complexity -MMD -MP -MF"Drivers/STM32L4xx_HAL_Driver/Src/stm32l4xx_hal_rcc.d" -MT"Drivers/STM32L4xx_HAL_Driver/Src/stm32l4xx_hal_rcc.o" --specs=nano.specs -mfpu=fpv4-sp-d16 -mfloat-abi=hard -mthumb -o "Drivers/STM32L4xx_HAL_Driver/Src/stm32l4xx_hal_rcc.o"
arm-none-eabi-gcc "../Drivers/STM32L4xx_HAL_Driver/Src/stm32l4xx_hal_rcc_ex.c" -mcpu=cortex-m4 -std=gnu11 -g3 -DDEBUG -DUSE_HAL_DRIVER -DSTM32L475xx -c -I../Core/Inc -I../Drivers/BSP/B-L475E-IOT01 -I../Drivers/STM32L4xx_HAL_Driver/Inc -I../Drivers/STM32L4xx_HAL_Driver/Inc/Legacy -I../Drivers/CMSIS/Device/ST/STM32L4xx/Include -I../Drivers/CMSIS/Include -O0 -ffunction-sections -fdata-sections -Wall -fstack-usage -fcyclomatic-complexity -MMD -MP -MF"Drivers/STM32L4xx_HAL_Driver/Src/stm32l4xx_hal_rcc_ex.d" -MT"Drivers/STM32L4xx_HAL_Driver/Src/stm32l4xx_hal_rcc_ex.o" --specs=nano.specs -mfpu=fpv4-sp-d16 -mfloat-abi=hard -mthumb -o "Drivers/STM32L4xx_HAL_Driver/Src/stm32l4xx_hal_rcc_ex.o"
arm-none-eabi-gcc "../Drivers/STM32L4xx_HAL_Driver/Src/stm32l4xx_hal_spi.c" -mcpu=cortex-m4 -std=gnu11 -g3 -DDEBUG -DUSE_HAL_DRIVER -DSTM32L475xx -c -I../Core/Inc -I../Drivers/BSP/B-L475E-IOT01 -I../Drivers/STM32L4xx_HAL_Driver/Inc -I../Drivers/STM32L4xx_HAL_Driver/Inc/Legacy -I../Drivers/CMSIS/Device/ST/STM32L4xx/Include -I../Drivers/CMSIS/Include -O0 -ffunction-sections -fdata-sections -Wall -fstack-usage -fcyclomatic-complexity -MMD -MP -MF"Drivers/STM32L4xx_HAL_Driver/Src/stm32l4xx_hal_spi.d" -MT"Drivers/STM32L4xx_HAL_Driver/Src/stm32l4xx_hal_spi.o" --specs=nano.specs -mfpu=fpv4-sp-d16 -mfloat-abi=hard -mthumb -o "Drivers/STM32L4xx_HAL_Driver/Src/stm32l4xx_hal_spi.o"
arm-none-eabi-gcc "../Drivers/STM32L4xx_HAL_Driver/Src/stm32l4xx_hal_spi_ex.c" -mcpu=cortex-m4 -std=gnu11 -g3 -DDEBUG -DUSE_HAL_DRIVER -DSTM32L475xx -c -I../Core/Inc -I../Drivers/BSP/B-L475E-IOT01 -I../Drivers/STM32L4xx_HAL_Driver/Inc -I../Drivers/STM32L4xx_HAL_Driver/Inc/Legacy -I../Drivers/CMSIS/Device/ST/STM32L4xx/Include -I../Drivers/CMSIS/Include -O0 -ffunction-sections -fdata-sections -Wall -fstack-usage -fcyclomatic-complexity -MMD -MP -MF"Drivers/STM32L4xx_HAL_Driver/Src/stm32l4xx_hal_spi_ex.d" -MT"Drivers/STM32L4xx_HAL_Driver/Src/stm32l4xx_hal_spi_ex.o" --specs=nano.specs -mfpu=fpv4-sp-d16 -mfloat-abi=hard -mthumb -o "Drivers/STM32L4xx_HAL_Driver/Src/stm32l4xx_hal_spi_ex.o"
arm-none-eabi-gcc "../Drivers/STM32L4xx_HAL_Driver/Src/stm32l4xx_hal_tim.c" -mcpu=cortex-m4 -std=gnu11 -g3 -DDEBUG -DUSE_HAL_DRIVER -DSTM32L475xx -c -I../Core/Inc -I../Drivers/BSP/B-L475E-IOT01 -I../Drivers/STM32L4xx_HAL_Driver/Inc -I../Drivers/STM32L4xx_HAL_Driver/Inc/Legacy -I../Drivers/CMSIS/Device/ST/STM32L4xx/Include -I../Drivers/CMSIS/Include -O0 -ffunction-sections -fdata-sections -Wall -fstack-usage -fcyclomatic-complexity -MMD -MP -MF"Drivers/STM32L4xx_HAL_Driver/Src/stm32l4xx_hal_tim.d" -MT"Drivers/STM32L4xx_HAL_Driver/Src/stm32l4xx_hal_tim.o" --specs=nano.specs -mfpu=fpv4-sp-d16 -mfloat-abi=hard -mthumb -o "Drivers/STM32L4xx_HAL_Driver/Src/stm32l4xx_hal_tim.o"
arm-none-eabi-gcc "../Drivers/STM32L4xx_HAL_Driver/Src/stm32l4xx_hal_tim_ex.c" -mcpu=cortex-m4 -std=gnu11 -g3 -DDEBUG -DUSE_HAL_DRIVER -DSTM32L475xx -c -I../Core/Inc -I../Drivers/BSP/B-L475E-IOT01 -I../Drivers/STM32L4xx_HAL_Driver/Inc -I../Drivers/STM32L4xx_HAL_Driver/Inc/Legacy -I../Drivers/CMSIS/Device/ST/STM32L4xx/Include -I../Drivers/CMSIS/Include -O0 -ffunction-sections -fdata-sections -Wall -fstack-usage -fcyclomatic-complexity -MMD -MP -MF"Drivers/STM32L4xx_HAL_Driver/Src/stm32l4xx_hal_tim_ex.d" -MT"Drivers/STM32L4xx_HAL_Driver/Src/stm32l4xx_hal_tim_ex.o" --specs=nano.specs -mfpu=fpv4-sp-d16 -mfloat-abi=hard -mthumb -o "Drivers/STM32L4xx_HAL_Driver/Src/stm32l4xx_hal_tim_ex.o"
arm-none-eabi-gcc "../Drivers/STM32L4xx_HAL_Driver/Src/stm32l4xx_hal_uart.c" -mcpu=cortex-m4 -std=gnu11 -g3 -DDEBUG -DUSE_HAL_DRIVER -DSTM32L475xx -c -I../Core/Inc -I../Drivers/BSP/B-L475E-IOT01 -I../Drivers/STM32L4xx_HAL_Driver/Inc -I../Drivers/STM32L4xx_HAL_Driver/Inc/Legacy -I../Drivers/CMSIS/Device/ST/STM32L4xx/Include -I../Drivers/CMSIS/Include -O0 -ffunction-sections -fdata-sections -Wall -fstack-usage -fcyclomatic-complexity -MMD -MP -MF"Drivers/STM32L4xx_HAL_Driver/Src/stm32l4xx_hal_uart.d" -MT"Drivers/STM32L4xx_HAL_Driver/Src/stm32l4xx_hal_uart.o" --specs=nano.specs -mfpu=fpv4-sp-d16 -mfloat-abi=hard -mthumb -o "Drivers/STM32L4xx_HAL_Driver/Src/stm32l4xx_hal_uart.o"
arm-none-eabi-gcc "../Drivers/STM32L4xx_HAL_Driver/Src/stm32l4xx_hal_uart_ex.c" -mcpu=cortex-m4 -std=gnu11 -g3 -DDEBUG -DUSE_HAL_DRIVER -DSTM32L475xx -c -I../Core/Inc -I../Drivers/BSP/B-L475E-IOT01 -I../Drivers/STM32L4xx_HAL_Driver/Inc -I../Drivers/STM32L4xx_HAL_Driver/Inc/Legacy -I../Drivers/CMSIS/Device/ST/STM32L4xx/Include -I../Drivers/CMSIS/Include -O0 -ffunction-sections -fdata-sections -Wall -fstack-usage -fcyclomatic-complexity -MMD -MP -MF"Drivers/STM32L4xx_HAL_Driver/Src/stm32l4xx_hal_uart_ex.d" -MT"Drivers/STM32L4xx_HAL_Driver/Src/stm32l4xx_hal_uart_ex.o" --specs=nano.specs -mfpu=fpv4-sp-d16 -mfloat-abi=hard -mthumb -o "Drivers/STM32L4xx_HAL_Driver/Src/stm32l4xx_hal_uart_ex.o"
arm-none-eabi-gcc "../Drivers/STM32L4xx_HAL_Driver/Src/stm32l4xx_ll_usb.c" -mcpu=cortex-m4 -std=gnu11 -g3 -DDEBUG -DUSE_HAL_DRIVER -DSTM32L475xx -c -I../Core/Inc -I../Drivers/BSP/B-L475E-IOT01 -I../Drivers/STM32L4xx_HAL_Driver/Inc -I../Drivers/STM32L4xx_HAL_Driver/Inc/Legacy -I../Drivers/CMSIS/Device/ST/STM32L4xx/Include -I../Drivers/CMSIS/Include -O0 -ffunction-sections -fdata-sections -Wall -fstack-usage -fcyclomatic-complexity -MMD -MP -MF"Drivers/STM32L4xx_HAL_Driver/Src/stm32l4xx_ll_usb.d" -MT"Drivers/STM32L4xx_HAL_Driver/Src/stm32l4xx_ll_usb.o" --specs=nano.specs -mfpu=fpv4-sp-d16 -mfloat-abi=hard -mthumb -o "Drivers/STM32L4xx_HAL_Driver/Src/stm32l4xx_ll_usb.o"
arm-none-eabi-gcc "../Drivers/BSP/Components/wm8994/wm8994.c" -mcpu=cortex-m4 -std=gnu11 -g3 -DDEBUG -DUSE_HAL_DRIVER -DSTM32L475xx -c -I../Core/Inc -I../Drivers/BSP/B-L475E-IOT01 -I../Drivers/STM32L4xx_HAL_Driver/Inc -I../Drivers/STM32L4xx_HAL_Driver/Inc/Legacy -I../Drivers/CMSIS/Device/ST/STM32L4xx/Include -I../Drivers/CMSIS/Include -O0 -ffunction-sections -fdata-sections -Wall -fstack-usage -fcyclomatic-complexity -MMD -MP -MF"Drivers/BSP/Components/wm8994/wm8994.d" -MT"Drivers/BSP/Components/wm8994/wm8994.o" --specs=nano.specs -mfpu=fpv4-sp-d16 -mfloat-abi=hard -mthumb -o "Drivers/BSP/Components/wm8994/wm8994.o"
arm-none-eabi-gcc "../Drivers/BSP/Components/stmpe811/stmpe811.c" -mcpu=cortex-m4 -std=gnu11 -g3 -DDEBUG -DUSE_HAL_DRIVER -DSTM32L475xx -c -I../Core/Inc -I../Drivers/BSP/B-L475E-IOT01 -I../Drivers/STM32L4xx_HAL_Driver/Inc -I../Drivers/STM32L4xx_HAL_Driver/Inc/Legacy -I../Drivers/CMSIS/Device/ST/STM32L4xx/Include -I../Drivers/CMSIS/Include -O0 -ffunction-sections -fdata-sections -Wall -fstack-usage -fcyclomatic-complexity -MMD -MP -MF"Drivers/BSP/Components/stmpe811/stmpe811.d" -MT"Drivers/BSP/Components/stmpe811/stmpe811.o" --specs=nano.specs -mfpu=fpv4-sp-d16 -mfloat-abi=hard -mthumb -o "Drivers/BSP/Components/stmpe811/stmpe811.o"
arm-none-eabi-gcc "../Drivers/BSP/Components/stmpe1600/stmpe1600.c" -mcpu=cortex-m4 -std=gnu11 -g3 -DDEBUG -DUSE_HAL_DRIVER -DSTM32L475xx -c -I../Core/Inc -I../Drivers/BSP/B-L475E-IOT01 -I../Drivers/STM32L4xx_HAL_Driver/Inc -I../Drivers/STM32L4xx_HAL_Driver/Inc/Legacy -I../Drivers/CMSIS/Device/ST/STM32L4xx/Include -I../Drivers/CMSIS/Include -O0 -ffunction-sections -fdata-sections -Wall -fstack-usage -fcyclomatic-complexity -MMD -MP -MF"Drivers/BSP/Components/stmpe1600/stmpe1600.d" -MT"Drivers/BSP/Components/stmpe1600/stmpe1600.o" --specs=nano.specs -mfpu=fpv4-sp-d16 -mfloat-abi=hard -mthumb -o "Drivers/BSP/Components/stmpe1600/stmpe1600.o"
arm-none-eabi-gcc "../Drivers/BSP/Components/st7789h2/st7789h2.c" -mcpu=cortex-m4 -std=gnu11 -g3 -DDEBUG -DUSE_HAL_DRIVER -DSTM32L475xx -c -I../Core/Inc -I../Drivers/BSP/B-L475E-IOT01 -I../Drivers/STM32L4xx_HAL_Driver/Inc -I../Drivers/STM32L4xx_HAL_Driver/Inc/Legacy -I../Drivers/CMSIS/Device/ST/STM32L4xx/Include -I../Drivers/CMSIS/Include -O0 -ffunction-sections -fdata-sections -Wall -fstack-usage -fcyclomatic-complexity -MMD -MP -MF"Drivers/BSP/Components/st7789h2/st7789h2.d" -MT"Drivers/BSP/Components/st7789h2/st7789h2.o" --specs=nano.specs -mfpu=fpv4-sp-d16 -mfloat-abi=hard -mthumb -o "Drivers/BSP/Components/st7789h2/st7789h2.o"
arm-none-eabi-gcc "../Drivers/BSP/Components/st7735/st7735.c" -mcpu=cortex-m4 -std=gnu11 -g3 -DDEBUG -DUSE_HAL_DRIVER -DSTM32L475xx -c -I../Core/Inc -I../Drivers/BSP/B-L475E-IOT01 -I../Drivers/STM32L4xx_HAL_Driver/Inc -I../Drivers/STM32L4xx_HAL_Driver/Inc/Legacy -I../Drivers/CMSIS/Device/ST/STM32L4xx/Include -I../Drivers/CMSIS/Include -O0 -ffunction-sections -fdata-sections -Wall -fstack-usage -fcyclomatic-complexity -MMD -MP -MF"Drivers/BSP/Components/st7735/st7735.d" -MT"Drivers/BSP/Components/st7735/st7735.o" --specs=nano.specs -mfpu=fpv4-sp-d16 -mfloat-abi=hard -mthumb -o "Drivers/BSP/Components/st7735/st7735.o"
arm-none-eabi-gcc "../Drivers/BSP/Components/st25dv/st25dv.c" -mcpu=cortex-m4 -std=gnu11 -g3 -DDEBUG -DUSE_HAL_DRIVER -DSTM32L475xx -c -I../Core/Inc -I../Drivers/BSP/B-L475E-IOT01 -I../Drivers/STM32L4xx_HAL_Driver/Inc -I../Drivers/STM32L4xx_HAL_Driver/Inc/Legacy -I../Drivers/CMSIS/Device/ST/STM32L4xx/Include -I../Drivers/CMSIS/Include -O0 -ffunction-sections -fdata-sections -Wall -fstack-usage -fcyclomatic-complexity -MMD -MP -MF"Drivers/BSP/Components/st25dv/st25dv.d" -MT"Drivers/BSP/Components/st25dv/st25dv.o" --specs=nano.specs -mfpu=fpv4-sp-d16 -mfloat-abi=hard -mthumb -o "Drivers/BSP/Components/st25dv/st25dv.o"
arm-none-eabi-gcc "../Drivers/BSP/Components/st25dv/st25dv_reg.c" -mcpu=cortex-m4 -std=gnu11 -g3 -DDEBUG -DUSE_HAL_DRIVER -DSTM32L475xx -c -I../Core/Inc -I../Drivers/BSP/B-L475E-IOT01 -I../Drivers/STM32L4xx_HAL_Driver/Inc -I../Drivers/STM32L4xx_HAL_Driver/Inc/Legacy -I../Drivers/CMSIS/Device/ST/STM32L4xx/Include -I../Drivers/CMSIS/Include -O0 -ffunction-sections -fdata-sections -Wall -fstack-usage -fcyclomatic-complexity -MMD -MP -MF"Drivers/BSP/Components/st25dv/st25dv_reg.d" -MT"Drivers/BSP/Components/st25dv/st25dv_reg.o" --specs=nano.specs -mfpu=fpv4-sp-d16 -mfloat-abi=hard -mthumb -o "Drivers/BSP/Components/st25dv/st25dv_reg.o"
arm-none-eabi-gcc "../Drivers/BSP/Components/ov9655/ov9655.c" -mcpu=cortex-m4 -std=gnu11 -g3 -DDEBUG -DUSE_HAL_DRIVER -DSTM32L475xx -c -I../Core/Inc -I../Drivers/BSP/B-L475E-IOT01 -I../Drivers/STM32L4xx_HAL_Driver/Inc -I../Drivers/STM32L4xx_HAL_Driver/Inc/Legacy -I../Drivers/CMSIS/Device/ST/STM32L4xx/Include -I../Drivers/CMSIS/Include -O0 -ffunction-sections -fdata-sections -Wall -fstack-usage -fcyclomatic-complexity -MMD -MP -MF"Drivers/BSP/Components/ov9655/ov9655.d" -MT"Drivers/BSP/Components/ov9655/ov9655.o" --specs=nano.specs -mfpu=fpv4-sp-d16 -mfloat-abi=hard -mthumb -o "Drivers/BSP/Components/ov9655/ov9655.o"
arm-none-eabi-gcc "../Drivers/BSP/Components/mfxstm32l152/mfxstm32l152.c" -mcpu=cortex-m4 -std=gnu11 -g3 -DDEBUG -DUSE_HAL_DRIVER -DSTM32L475xx -c -I../Core/Inc -I../Drivers/BSP/B-L475E-IOT01 -I../Drivers/STM32L4xx_HAL_Driver/Inc -I../Drivers/STM32L4xx_HAL_Driver/Inc/Legacy -I../Drivers/CMSIS/Device/ST/STM32L4xx/Include -I../Drivers/CMSIS/Include -O0 -ffunction-sections -fdata-sections -Wall -fstack-usage -fcyclomatic-complexity -MMD -MP -MF"Drivers/BSP/Components/mfxstm32l152/mfxstm32l152.d" -MT"Drivers/BSP/Components/mfxstm32l152/mfxstm32l152.o" --specs=nano.specs -mfpu=fpv4-sp-d16 -mfloat-abi=hard -mthumb -o "Drivers/BSP/Components/mfxstm32l152/mfxstm32l152.o"
arm-none-eabi-gcc "../Drivers/BSP/Components/m24sr/m24sr.c" -mcpu=cortex-m4 -std=gnu11 -g3 -DDEBUG -DUSE_HAL_DRIVER -DSTM32L475xx -c -I../Core/Inc -I../Drivers/BSP/B-L475E-IOT01 -I../Drivers/STM32L4xx_HAL_Driver/Inc -I../Drivers/STM32L4xx_HAL_Driver/Inc/Legacy -I../Drivers/CMSIS/Device/ST/STM32L4xx/Include -I../Drivers/CMSIS/Include -O0 -ffunction-sections -fdata-sections -Wall -fstack-usage -fcyclomatic-complexity -MMD -MP -MF"Drivers/BSP/Components/m24sr/m24sr.d" -MT"Drivers/BSP/Components/m24sr/m24sr.o" --specs=nano.specs -mfpu=fpv4-sp-d16 -mfloat-abi=hard -mthumb -o "Drivers/BSP/Components/m24sr/m24sr.o"
arm-none-eabi-gcc "../Drivers/BSP/Components/lsm6dsl/lsm6dsl.c" -mcpu=cortex-m4 -std=gnu11 -g3 -DDEBUG -DUSE_HAL_DRIVER -DSTM32L475xx -c -I../Core/Inc -I../Drivers/BSP/B-L475E-IOT01 -I../Drivers/STM32L4xx_HAL_Driver/Inc -I../Drivers/STM32L4xx_HAL_Driver/Inc/Legacy -I../Drivers/CMSIS/Device/ST/STM32L4xx/Include -I../Drivers/CMSIS/Include -O0 -ffunction-sections -fdata-sections -Wall -fstack-usage -fcyclomatic-complexity -MMD -MP -MF"Drivers/BSP/Components/lsm6dsl/lsm6dsl.d" -MT"Drivers/BSP/Components/lsm6dsl/lsm6dsl.o" --specs=nano.specs -mfpu=fpv4-sp-d16 -mfloat-abi=hard -mthumb -o "Drivers/BSP/Components/lsm6dsl/lsm6dsl.o"
arm-none-eabi-gcc "../Drivers/BSP/Components/lsm303dlhc/lsm303dlhc.c" -mcpu=cortex-m4 -std=gnu11 -g3 -DDEBUG -DUSE_HAL_DRIVER -DSTM32L475xx -c -I../Core/Inc -I../Drivers/BSP/B-L475E-IOT01 -I../Drivers/STM32L4xx_HAL_Driver/Inc -I../Drivers/STM32L4xx_HAL_Driver/Inc/Legacy -I../Drivers/CMSIS/Device/ST/STM32L4xx/Include -I../Drivers/CMSIS/Include -O0 -ffunction-sections -fdata-sections -Wall -fstack-usage -fcyclomatic-complexity -MMD -MP -MF"Drivers/BSP/Components/lsm303dlhc/lsm303dlhc.d" -MT"Drivers/BSP/Components/lsm303dlhc/lsm303dlhc.o" --specs=nano.specs -mfpu=fpv4-sp-d16 -mfloat-abi=hard -mthumb -o "Drivers/BSP/Components/lsm303dlhc/lsm303dlhc.o"
arm-none-eabi-gcc "../Drivers/BSP/Components/lsm303c/lsm303c.c" -mcpu=cortex-m4 -std=gnu11 -g3 -DDEBUG -DUSE_HAL_DRIVER -DSTM32L475xx -c -I../Core/Inc -I../Drivers/BSP/B-L475E-IOT01 -I../Drivers/STM32L4xx_HAL_Driver/Inc -I../Drivers/STM32L4xx_HAL_Driver/Inc/Legacy -I../Drivers/CMSIS/Device/ST/STM32L4xx/Include -I../Drivers/CMSIS/Include -O0 -ffunction-sections -fdata-sections -Wall -fstack-usage -fcyclomatic-complexity -MMD -MP -MF"Drivers/BSP/Components/lsm303c/lsm303c.d" -MT"Drivers/BSP/Components/lsm303c/lsm303c.o" --specs=nano.specs -mfpu=fpv4-sp-d16 -mfloat-abi=hard -mthumb -o "Drivers/BSP/Components/lsm303c/lsm303c.o"
arm-none-eabi-gcc "../Drivers/BSP/Components/ls016b8uy/ls016b8uy.c" -mcpu=cortex-m4 -std=gnu11 -g3 -DDEBUG -DUSE_HAL_DRIVER -DSTM32L475xx -c -I../Core/Inc -I../Drivers/BSP/B-L475E-IOT01 -I../Drivers/STM32L4xx_HAL_Driver/Inc -I../Drivers/STM32L4xx_HAL_Driver/Inc/Legacy -I../Drivers/CMSIS/Device/ST/STM32L4xx/Include -I../Drivers/CMSIS/Include -O0 -ffunction-sections -fdata-sections -Wall -fstack-usage -fcyclomatic-complexity -MMD -MP -MF"Drivers/BSP/Components/ls016b8uy/ls016b8uy.d" -MT"Drivers/BSP/Components/ls016b8uy/ls016b8uy.o" --specs=nano.specs -mfpu=fpv4-sp-d16 -mfloat-abi=hard -mthumb -o "Drivers/BSP/Components/ls016b8uy/ls016b8uy.o"
arm-none-eabi-gcc "../Drivers/BSP/Components/lps22hb/lps22hb.c" -mcpu=cortex-m4 -std=gnu11 -g3 -DDEBUG -DUSE_HAL_DRIVER -DSTM32L475xx -c -I../Core/Inc -I../Drivers/BSP/B-L475E-IOT01 -I../Drivers/STM32L4xx_HAL_Driver/Inc -I../Drivers/STM32L4xx_HAL_Driver/Inc/Legacy -I../Drivers/CMSIS/Device/ST/STM32L4xx/Include -I../Drivers/CMSIS/Include -O0 -ffunction-sections -fdata-sections -Wall -fstack-usage -fcyclomatic-complexity -MMD -MP -MF"Drivers/BSP/Components/lps22hb/lps22hb.d" -MT"Drivers/BSP/Components/lps22hb/lps22hb.o" --specs=nano.specs -mfpu=fpv4-sp-d16 -mfloat-abi=hard -mthumb -o "Drivers/BSP/Components/lps22hb/lps22hb.o"
arm-none-eabi-gcc "../Drivers/BSP/Components/lis3mdl/lis3mdl.c" -mcpu=cortex-m4 -std=gnu11 -g3 -DDEBUG -DUSE_HAL_DRIVER -DSTM32L475xx -c -I../Core/Inc -I../Drivers/BSP/B-L475E-IOT01 -I../Drivers/STM32L4xx_HAL_Driver/Inc -I../Drivers/STM32L4xx_HAL_Driver/Inc/Legacy -I../Drivers/CMSIS/Device/ST/STM32L4xx/Include -I../Drivers/CMSIS/Include -O0 -ffunction-sections -fdata-sections -Wall -fstack-usage -fcyclomatic-complexity -MMD -MP -MF"Drivers/BSP/Components/lis3mdl/lis3mdl.d" -MT"Drivers/BSP/Components/lis3mdl/lis3mdl.o" --specs=nano.specs -mfpu=fpv4-sp-d16 -mfloat-abi=hard -mthumb -o "Drivers/BSP/Components/lis3mdl/lis3mdl.o"
arm-none-eabi-gcc "../Drivers/BSP/Components/l3gd20/l3gd20.c" -mcpu=cortex-m4 -std=gnu11 -g3 -DDEBUG -DUSE_HAL_DRIVER -DSTM32L475xx -c -I../Core/Inc -I../Drivers/BSP/B-L475E-IOT01 -I../Drivers/STM32L4xx_HAL_Driver/Inc -I../Drivers/STM32L4xx_HAL_Driver/Inc/Legacy -I../Drivers/CMSIS/Device/ST/STM32L4xx/Include -I../Drivers/CMSIS/Include -O0 -ffunction-sections -fdata-sections -Wall -fstack-usage -fcyclomatic-complexity -MMD -MP -MF"Drivers/BSP/Components/l3gd20/l3gd20.d" -MT"Drivers/BSP/Components/l3gd20/l3gd20.o" --specs=nano.specs -mfpu=fpv4-sp-d16 -mfloat-abi=hard -mthumb -o "Drivers/BSP/Components/l3gd20/l3gd20.o"
arm-none-eabi-gcc "../Drivers/BSP/Components/hx8347i/hx8347i.c" -mcpu=cortex-m4 -std=gnu11 -g3 -DDEBUG -DUSE_HAL_DRIVER -DSTM32L475xx -c -I../Core/Inc -I../Drivers/BSP/B-L475E-IOT01 -I../Drivers/STM32L4xx_HAL_Driver/Inc -I../Drivers/STM32L4xx_HAL_Driver/Inc/Legacy -I../Drivers/CMSIS/Device/ST/STM32L4xx/Include -I../Drivers/CMSIS/Include -O0 -ffunction-sections -fdata-sections -Wall -fstack-usage -fcyclomatic-complexity -MMD -MP -MF"Drivers/BSP/Components/hx8347i/hx8347i.d" -MT"Drivers/BSP/Components/hx8347i/hx8347i.o" --specs=nano.specs -mfpu=fpv4-sp-d16 -mfloat-abi=hard -mthumb -o "Drivers/BSP/Components/hx8347i/hx8347i.o"
arm-none-eabi-gcc "../Drivers/BSP/Components/hx8347g/hx8347g.c" -mcpu=cortex-m4 -std=gnu11 -g3 -DDEBUG -DUSE_HAL_DRIVER -DSTM32L475xx -c -I../Core/Inc -I../Drivers/BSP/B-L475E-IOT01 -I../Drivers/STM32L4xx_HAL_Driver/Inc -I../Drivers/STM32L4xx_HAL_Driver/Inc/Legacy -I../Drivers/CMSIS/Device/ST/STM32L4xx/Include -I../Drivers/CMSIS/Include -O0 -ffunction-sections -fdata-sections -Wall -fstack-usage -fcyclomatic-complexity -MMD -MP -MF"Drivers/BSP/Components/hx8347g/hx8347g.d" -MT"Drivers/BSP/Components/hx8347g/hx8347g.o" --specs=nano.specs -mfpu=fpv4-sp-d16 -mfloat-abi=hard -mthumb -o "Drivers/BSP/Components/hx8347g/hx8347g.o"
arm-none-eabi-gcc "../Drivers/BSP/Components/hts221/hts221.c" -mcpu=cortex-m4 -std=gnu11 -g3 -DDEBUG -DUSE_HAL_DRIVER -DSTM32L475xx -c -I../Core/Inc -I../Drivers/BSP/B-L475E-IOT01 -I../Drivers/STM32L4xx_HAL_Driver/Inc -I../Drivers/STM32L4xx_HAL_Driver/Inc/Legacy -I../Drivers/CMSIS/Device/ST/STM32L4xx/Include -I../Drivers/CMSIS/Include -O0 -ffunction-sections -fdata-sections -Wall -fstack-usage -fcyclomatic-complexity -MMD -MP -MF"Drivers/BSP/Components/hts221/hts221.d" -MT"Drivers/BSP/Components/hts221/hts221.o" --specs=nano.specs -mfpu=fpv4-sp-d16 -mfloat-abi=hard -mthumb -o "Drivers/BSP/Components/hts221/hts221.o"
arm-none-eabi-gcc "../Drivers/BSP/Components/ft6x06/ft6x06.c" -mcpu=cortex-m4 -std=gnu11 -g3 -DDEBUG -DUSE_HAL_DRIVER -DSTM32L475xx -c -I../Core/Inc -I../Drivers/BSP/B-L475E-IOT01 -I../Drivers/STM32L4xx_HAL_Driver/Inc -I../Drivers/STM32L4xx_HAL_Driver/Inc/Legacy -I../Drivers/CMSIS/Device/ST/STM32L4xx/Include -I../Drivers/CMSIS/Include -O0 -ffunction-sections -fdata-sections -Wall -fstack-usage -fcyclomatic-complexity -MMD -MP -MF"Drivers/BSP/Components/ft6x06/ft6x06.d" -MT"Drivers/BSP/Components/ft6x06/ft6x06.o" --specs=nano.specs -mfpu=fpv4-sp-d16 -mfloat-abi=hard -mthumb -o "Drivers/BSP/Components/ft6x06/ft6x06.o"
arm-none-eabi-gcc "../Drivers/BSP/Components/ft5336/ft5336.c" -mcpu=cortex-m4 -std=gnu11 -g3 -DDEBUG -DUSE_HAL_DRIVER -DSTM32L475xx -c -I../Core/Inc -I../Drivers/BSP/B-L475E-IOT01 -I../Drivers/STM32L4xx_HAL_Driver/Inc -I../Drivers/STM32L4xx_HAL_Driver/Inc/Legacy -I../Drivers/CMSIS/Device/ST/STM32L4xx/Include -I../Drivers/CMSIS/Include -O0 -ffunction-sections -fdata-sections -Wall -fstack-usage -fcyclomatic-complexity -MMD -MP -MF"Drivers/BSP/Components/ft5336/ft5336.d" -MT"Drivers/BSP/Components/ft5336/ft5336.o" --specs=nano.specs -mfpu=fpv4-sp-d16 -mfloat-abi=hard -mthumb -o "Drivers/BSP/Components/ft5336/ft5336.o"
arm-none-eabi-gcc "../Drivers/BSP/Components/ft3x67/ft3x67.c" -mcpu=cortex-m4 -std=gnu11 -g3 -DDEBUG -DUSE_HAL_DRIVER -DSTM32L475xx -c -I../Core/Inc -I../Drivers/BSP/B-L475E-IOT01 -I../Drivers/STM32L4xx_HAL_Driver/Inc -I../Drivers/STM32L4xx_HAL_Driver/Inc/Legacy -I../Drivers/CMSIS/Device/ST/STM32L4xx/Include -I../Drivers/CMSIS/Include -O0 -ffunction-sections -fdata-sections -Wall -fstack-usage -fcyclomatic-complexity -MMD -MP -MF"Drivers/BSP/Components/ft3x67/ft3x67.d" -MT"Drivers/BSP/Components/ft3x67/ft3x67.o" --specs=nano.specs -mfpu=fpv4-sp-d16 -mfloat-abi=hard -mthumb -o "Drivers/BSP/Components/ft3x67/ft3x67.o"
arm-none-eabi-gcc "../Drivers/BSP/Components/cy8c4014lqi/cy8c4014lqi.c" -mcpu=cortex-m4 -std=gnu11 -g3 -DDEBUG -DUSE_HAL_DRIVER -DSTM32L475xx -c -I../Core/Inc -I../Drivers/BSP/B-L475E-IOT01 -I../Drivers/STM32L4xx_HAL_Driver/Inc -I../Drivers/STM32L4xx_HAL_Driver/Inc/Legacy -I../Drivers/CMSIS/Device/ST/STM32L4xx/Include -I../Drivers/CMSIS/Include -O0 -ffunction-sections -fdata-sections -Wall -fstack-usage -fcyclomatic-complexity -MMD -MP -MF"Drivers/BSP/Components/cy8c4014lqi/cy8c4014lqi.d" -MT"Drivers/BSP/Components/cy8c4014lqi/cy8c4014lqi.o" --specs=nano.specs -mfpu=fpv4-sp-d16 -mfloat-abi=hard -mthumb -o "Drivers/BSP/Components/cy8c4014lqi/cy8c4014lqi.o"
arm-none-eabi-gcc "../Drivers/BSP/Components/cs43l22/cs43l22.c" -mcpu=cortex-m4 -std=gnu11 -g3 -DDEBUG -DUSE_HAL_DRIVER -DSTM32L475xx -c -I../Core/Inc -I../Drivers/BSP/B-L475E-IOT01 -I../Drivers/STM32L4xx_HAL_Driver/Inc -I../Drivers/STM32L4xx_HAL_Driver/Inc/Legacy -I../Drivers/CMSIS/Device/ST/STM32L4xx/Include -I../Drivers/CMSIS/Include -O0 -ffunction-sections -fdata-sections -Wall -fstack-usage -fcyclomatic-complexity -MMD -MP -MF"Drivers/BSP/Components/cs43l22/cs43l22.d" -MT"Drivers/BSP/Components/cs43l22/cs43l22.o" --specs=nano.specs -mfpu=fpv4-sp-d16 -mfloat-abi=hard -mthumb -o "Drivers/BSP/Components/cs43l22/cs43l22.o"
arm-none-eabi-gcc "../Drivers/BSP/Components/cs42l51/cs42l51.c" -mcpu=cortex-m4 -std=gnu11 -g3 -DDEBUG -DUSE_HAL_DRIVER -DSTM32L475xx -c -I../Core/Inc -I../Drivers/BSP/B-L475E-IOT01 -I../Drivers/STM32L4xx_HAL_Driver/Inc -I../Drivers/STM32L4xx_HAL_Driver/Inc/Legacy -I../Drivers/CMSIS/Device/ST/STM32L4xx/Include -I../Drivers/CMSIS/Include -O0 -ffunction-sections -fdata-sections -Wall -fstack-usage -fcyclomatic-complexity -MMD -MP -MF"Drivers/BSP/Components/cs42l51/cs42l51.d" -MT"Drivers/BSP/Components/cs42l51/cs42l51.o" --specs=nano.specs -mfpu=fpv4-sp-d16 -mfloat-abi=hard -mthumb -o "Drivers/BSP/Components/cs42l51/cs42l51.o"
arm-none-eabi-gcc "../Drivers/BSP/B-L475E-IOT01/stm32l475e_iot01.c" -mcpu=cortex-m4 -std=gnu11 -g3 -DDEBUG -DUSE_HAL_DRIVER -DSTM32L475xx -c -I../Core/Inc -I../Drivers/BSP/B-L475E-IOT01 -I../Drivers/STM32L4xx_HAL_Driver/Inc -I../Drivers/STM32L4xx_HAL_Driver/Inc/Legacy -I../Drivers/CMSIS/Device/ST/STM32L4xx/Include -I../Drivers/CMSIS/Include -O0 -ffunction-sections -fdata-sections -Wall -fstack-usage -fcyclomatic-complexity -MMD -MP -MF"Drivers/BSP/B-L475E-IOT01/stm32l475e_iot01.d" -MT"Drivers/BSP/B-L475E-IOT01/stm32l475e_iot01.o" --specs=nano.specs -mfpu=fpv4-sp-d16 -mfloat-abi=hard -mthumb -o "Drivers/BSP/B-L475E-IOT01/stm32l475e_iot01.o"
arm-none-eabi-gcc "../Drivers/BSP/B-L475E-IOT01/stm32l475e_iot01_accelero.c" -mcpu=cortex-m4 -std=gnu11 -g3 -DDEBUG -DUSE_HAL_DRIVER -DSTM32L475xx -c -I../Core/Inc -I../Drivers/BSP/B-L475E-IOT01 -I../Drivers/STM32L4xx_HAL_Driver/Inc -I../Drivers/STM32L4xx_HAL_Driver/Inc/Legacy -I../Drivers/CMSIS/Device/ST/STM32L4xx/Include -I../Drivers/CMSIS/Include -O0 -ffunction-sections -fdata-sections -Wall -fstack-usage -fcyclomatic-complexity -MMD -MP -MF"Drivers/BSP/B-L475E-IOT01/stm32l475e_iot01_accelero.d" -MT"Drivers/BSP/B-L475E-IOT01/stm32l475e_iot01_accelero.o" --specs=nano.specs -mfpu=fpv4-sp-d16 -mfloat-abi=hard -mthumb -o "Drivers/BSP/B-L475E-IOT01/stm32l475e_iot01_accelero.o"
arm-none-eabi-gcc "../Drivers/BSP/B-L475E-IOT01/stm32l475e_iot01_gyro.c" -mcpu=cortex-m4 -std=gnu11 -g3 -DDEBUG -DUSE_HAL_DRIVER -DSTM32L475xx -c -I../Core/Inc -I../Drivers/BSP/B-L475E-IOT01 -I../Drivers/STM32L4xx_HAL_Driver/Inc -I../Drivers/STM32L4xx_HAL_Driver/Inc/Legacy -I../Drivers/CMSIS/Device/ST/STM32L4xx/Include -I../Drivers/CMSIS/Include -O0 -ffunction-sections -fdata-sections -Wall -fstack-usage -fcyclomatic-complexity -MMD -MP -MF"Drivers/BSP/B-L475E-IOT01/stm32l475e_iot01_gyro.d" -MT"Drivers/BSP/B-L475E-IOT01/stm32l475e_iot01_gyro.o" --specs=nano.specs -mfpu=fpv4-sp-d16 -mfloat-abi=hard -mthumb -o "Drivers/BSP/B-L475E-IOT01/stm32l475e_iot01_gyro.o"
arm-none-eabi-gcc "../Drivers/BSP/B-L475E-IOT01/stm32l475e_iot01_hsensor.c" -mcpu=cortex-m4 -std=gnu11 -g3 -DDEBUG -DUSE_HAL_DRIVER -DSTM32L475xx -c -I../Core/Inc -I../Drivers/BSP/B-L475E-IOT01 -I../Drivers/STM32L4xx_HAL_Driver/Inc -I../Drivers/STM32L4xx_HAL_Driver/Inc/Legacy -I../Drivers/CMSIS/Device/ST/STM32L4xx/Include -I../Drivers/CMSIS/Include -O0 -ffunction-sections -fdata-sections -Wall -fstack-usage -fcyclomatic-complexity -MMD -MP -MF"Drivers/BSP/B-L475E-IOT01/stm32l475e_iot01_hsensor.d" -MT"Drivers/BSP/B-L475E-IOT01/stm32l475e_iot01_hsensor.o" --specs=nano.specs -mfpu=fpv4-sp-d16 -mfloat-abi=hard -mthumb -o "Drivers/BSP/B-L475E-IOT01/stm32l475e_iot01_hsensor.o"
arm-none-eabi-gcc "../Drivers/BSP/B-L475E-IOT01/stm32l475e_iot01_magneto.c" -mcpu=cortex-m4 -std=gnu11 -g3 -DDEBUG -DUSE_HAL_DRIVER -DSTM32L475xx -c -I../Core/Inc -I../Drivers/BSP/B-L475E-IOT01 -I../Drivers/STM32L4xx_HAL_Driver/Inc -I../Drivers/STM32L4xx_HAL_Driver/Inc/Legacy -I../Drivers/CMSIS/Device/ST/STM32L4xx/Include -I../Drivers/CMSIS/Include -O0 -ffunction-sections -fdata-sections -Wall -fstack-usage -fcyclomatic-complexity -MMD -MP -MF"Drivers/BSP/B-L475E-IOT01/stm32l475e_iot01_magneto.d" -MT"Drivers/BSP/B-L475E-IOT01/stm32l475e_iot01_magneto.o" --specs=nano.specs -mfpu=fpv4-sp-d16 -mfloat-abi=hard -mthumb -o "Drivers/BSP/B-L475E-IOT01/stm32l475e_iot01_magneto.o"
arm-none-eabi-gcc "../Drivers/BSP/B-L475E-IOT01/stm32l475e_iot01_psensor.c" -mcpu=cortex-m4 -std=gnu11 -g3 -DDEBUG -DUSE_HAL_DRIVER -DSTM32L475xx -c -I../Core/Inc -I../Drivers/BSP/B-L475E-IOT01 -I../Drivers/STM32L4xx_HAL_Driver/Inc -I../Drivers/STM32L4xx_HAL_Driver/Inc/Legacy -I../Drivers/CMSIS/Device/ST/STM32L4xx/Include -I../Drivers/CMSIS/Include -O0 -ffunction-sections -fdata-sections -Wall -fstack-usage -fcyclomatic-complexity -MMD -MP -MF"Drivers/BSP/B-L475E-IOT01/stm32l475e_iot01_psensor.d" -MT"Drivers/BSP/B-L475E-IOT01/stm32l475e_iot01_psensor.o" --specs=nano.specs -mfpu=fpv4-sp-d16 -mfloat-abi=hard -mthumb -o "Drivers/BSP/B-L475E-IOT01/stm32l475e_iot01_psensor.o"
arm-none-eabi-gcc "../Drivers/BSP/B-L475E-IOT01/stm32l475e_iot01_qspi.c" -mcpu=cortex-m4 -std=gnu11 -g3 -DDEBUG -DUSE_HAL_DRIVER -DSTM32L475xx -c -I../Core/Inc -I../Drivers/BSP/B-L475E-IOT01 -I../Drivers/STM32L4xx_HAL_Driver/Inc -I../Drivers/STM32L4xx_HAL_Driver/Inc/Legacy -I../Drivers/CMSIS/Device/ST/STM32L4xx/Include -I../Drivers/CMSIS/Include -O0 -ffunction-sections -fdata-sections -Wall -fstack-usage -fcyclomatic-complexity -MMD -MP -MF"Drivers/BSP/B-L475E-IOT01/stm32l475e_iot01_qspi.d" -MT"Drivers/BSP/B-L475E-IOT01/stm32l475e_iot01_qspi.o" --specs=nano.specs -mfpu=fpv4-sp-d16 -mfloat-abi=hard -mthumb -o "Drivers/BSP/B-L475E-IOT01/stm32l475e_iot01_qspi.o"
arm-none-eabi-gcc "../Drivers/BSP/B-L475E-IOT01/stm32l475e_iot01_tsensor.c" -mcpu=cortex-m4 -std=gnu11 -g3 -DDEBUG -DUSE_HAL_DRIVER -DSTM32L475xx -c -I../Core/Inc -I../Drivers/BSP/B-L475E-IOT01 -I../Drivers/STM32L4xx_HAL_Driver/Inc -I../Drivers/STM32L4xx_HAL_Driver/Inc/Legacy -I../Drivers/CMSIS/Device/ST/STM32L4xx/Include -I../Drivers/CMSIS/Include -O0 -ffunction-sections -fdata-sections -Wall -fstack-usage -fcyclomatic-complexity -MMD -MP -MF"Drivers/BSP/B-L475E-IOT01/stm32l475e_iot01_tsensor.d" -MT"Drivers/BSP/B-L475E-IOT01/stm32l475e_iot01_tsensor.o" --specs=nano.specs -mfpu=fpv4-sp-d16 -mfloat-abi=hard -mthumb -o "Drivers/BSP/B-L475E-IOT01/stm32l475e_iot01_tsensor.o"
arm-none-eabi-gcc -mcpu=cortex-m4 -g3 -DDEBUG -c -x assembler-with-cpp -MMD -MP -MF"Core/Startup/startup_stm32l475vgtx.d" -MT"Core/Startup/startup_stm32l475vgtx.o" --specs=nano.specs -mfpu=fpv4-sp-d16 -mfloat-abi=hard -mthumb -o "Core/Startup/startup_stm32l475vgtx.o" "../Core/Startup/startup_stm32l475vgtx.s"
arm-none-eabi-gcc "../Core/Src/es_wifi.c" -mcpu=cortex-m4 -std=gnu11 -g3 -DDEBUG -DUSE_HAL_DRIVER -DSTM32L475xx -c -I../Core/Inc -I../Drivers/BSP/B-L475E-IOT01 -I../Drivers/STM32L4xx_HAL_Driver/Inc -I../Drivers/STM32L4xx_HAL_Driver/Inc/Legacy -I../Drivers/CMSIS/Device/ST/STM32L4xx/Include -I../Drivers/CMSIS/Include -O0 -ffunction-sections -fdata-sections -Wall -fstack-usage -fcyclomatic-complexity -MMD -MP -MF"Core/Src/es_wifi.d" -MT"Core/Src/es_wifi.o" --specs=nano.specs -mfpu=fpv4-sp-d16 -mfloat-abi=hard -mthumb -o "Core/Src/es_wifi.o"
arm-none-eabi-gcc "../Core/Src/es_wifi_io.c" -mcpu=cortex-m4 -std=gnu11 -g3 -DDEBUG -DUSE_HAL_DRIVER -DSTM32L475xx -c -I../Core/Inc -I../Drivers/BSP/B-L475E-IOT01 -I../Drivers/STM32L4xx_HAL_Driver/Inc -I../Drivers/STM32L4xx_HAL_Driver/Inc/Legacy -I../Drivers/CMSIS/Device/ST/STM32L4xx/Include -I../Drivers/CMSIS/Include -O0 -ffunction-sections -fdata-sections -Wall -fstack-usage -fcyclomatic-complexity -MMD -MP -MF"Core/Src/es_wifi_io.d" -MT"Core/Src/es_wifi_io.o" --specs=nano.specs -mfpu=fpv4-sp-d16 -mfloat-abi=hard -mthumb -o "Core/Src/es_wifi_io.o"
arm-none-eabi-gcc "../Core/Src/main.c" -mcpu=cortex-m4 -std=gnu11 -g3 -DDEBUG -DUSE_HAL_DRIVER -DSTM32L475xx -c -I../Core/Inc -I../Drivers/BSP/B-L475E-IOT01 -I../Drivers/STM32L4xx_HAL_Driver/Inc -I../Drivers/STM32L4xx_HAL_Driver/Inc/Legacy -I../Drivers/CMSIS/Device/ST/STM32L4xx/Include -I../Drivers/CMSIS/Include -O0 -ffunction-sections -fdata-sections -Wall -fstack-usage -fcyclomatic-complexity -MMD -MP -MF"Core/Src/main.d" -MT"Core/Src/main.o" --specs=nano.specs -mfpu=fpv4-sp-d16 -mfloat-abi=hard -mthumb -o "Core/Src/main.o"
arm-none-eabi-gcc "../Core/Src/stm32l4xx_hal_msp.c" -mcpu=cortex-m4 -std=gnu11 -g3 -DDEBUG -DUSE_HAL_DRIVER -DSTM32L475xx -c -I../Core/Inc -I../Drivers/BSP/B-L475E-IOT01 -I../Drivers/STM32L4xx_HAL_Driver/Inc -I../Drivers/STM32L4xx_HAL_Driver/Inc/Legacy -I../Drivers/CMSIS/Device/ST/STM32L4xx/Include -I../Drivers/CMSIS/Include -O0 -ffunction-sections -fdata-sections -Wall -fstack-usage -fcyclomatic-complexity -MMD -MP -MF"Core/Src/stm32l4xx_hal_msp.d" -MT"Core/Src/stm32l4xx_hal_msp.o" --specs=nano.specs -mfpu=fpv4-sp-d16 -mfloat-abi=hard -mthumb -o "Core/Src/stm32l4xx_hal_msp.o"
arm-none-eabi-gcc "../Core/Src/stm32l4xx_it.c" -mcpu=cortex-m4 -std=gnu11 -g3 -DDEBUG -DUSE_HAL_DRIVER -DSTM32L475xx -c -I../Core/Inc -I../Drivers/BSP/B-L475E-IOT01 -I../Drivers/STM32L4xx_HAL_Driver/Inc -I../Drivers/STM32L4xx_HAL_Driver/Inc/Legacy -I../Drivers/CMSIS/Device/ST/STM32L4xx/Include -I../Drivers/CMSIS/Include -O0 -ffunction-sections -fdata-sections -Wall -fstack-usage -fcyclomatic-complexity -MMD -MP -MF"Core/Src/stm32l4xx_it.d" -MT"Core/Src/stm32l4xx_it.o" --specs=nano.specs -mfpu=fpv4-sp-d16 -mfloat-abi=hard -mthumb -o "Core/Src/stm32l4xx_it.o"
arm-none-eabi-gcc "../Core/Src/syscalls.c" -mcpu=cortex-m4 -std=gnu11 -g3 -DDEBUG -DUSE_HAL_DRIVER -DSTM32L475xx -c -I../Core/Inc -I../Drivers/BSP/B-L475E-IOT01 -I../Drivers/STM32L4xx_HAL_Driver/Inc -I../Drivers/STM32L4xx_HAL_Driver/Inc/Legacy -I../Drivers/CMSIS/Device/ST/STM32L4xx/Include -I../Drivers/CMSIS/Include -O0 -ffunction-sections -fdata-sections -Wall -fstack-usage -fcyclomatic-complexity -MMD -MP -MF"Core/Src/syscalls.d" -MT"Core/Src/syscalls.o" --specs=nano.specs -mfpu=fpv4-sp-d16 -mfloat-abi=hard -mthumb -o "Core/Src/syscalls.o"
arm-none-eabi-gcc "../Core/Src/sysmem.c" -mcpu=cortex-m4 -std=gnu11 -g3 -DDEBUG -DUSE_HAL_DRIVER -DSTM32L475xx -c -I../Core/Inc -I../Drivers/BSP/B-L475E-IOT01 -I../Drivers/STM32L4xx_HAL_Driver/Inc -I../Drivers/STM32L4xx_HAL_Driver/Inc/Legacy -I../Drivers/CMSIS/Device/ST/STM32L4xx/Include -I../Drivers/CMSIS/Include -O0 -ffunction-sections -fdata-sections -Wall -fstack-usage -fcyclomatic-complexity -MMD -MP -MF"Core/Src/sysmem.d" -MT"Core/Src/sysmem.o" --specs=nano.specs -mfpu=fpv4-sp-d16 -mfloat-abi=hard -mthumb -o "Core/Src/sysmem.o"
arm-none-eabi-gcc "../Core/Src/system_stm32l4xx.c" -mcpu=cortex-m4 -std=gnu11 -g3 -DDEBUG -DUSE_HAL_DRIVER -DSTM32L475xx -c -I../Core/Inc -I../Drivers/BSP/B-L475E-IOT01 -I../Drivers/STM32L4xx_HAL_Driver/Inc -I../Drivers/STM32L4xx_HAL_Driver/Inc/Legacy -I../Drivers/CMSIS/Device/ST/STM32L4xx/Include -I../Drivers/CMSIS/Include -O0 -ffunction-sections -fdata-sections -Wall -fstack-usage -fcyclomatic-complexity -MMD -MP -MF"Core/Src/system_stm32l4xx.d" -MT"Core/Src/system_stm32l4xx.o" --specs=nano.specs -mfpu=fpv4-sp-d16 -mfloat-abi=hard -mthumb -o "Core/Src/system_stm32l4xx.o"
arm-none-eabi-gcc "../Core/Src/wifi.c" -mcpu=cortex-m4 -std=gnu11 -g3 -DDEBUG -DUSE_HAL_DRIVER -DSTM32L475xx -c -I../Core/Inc -I../Drivers/BSP/B-L475E-IOT01 -I../Drivers/STM32L4xx_HAL_Driver/Inc -I../Drivers/STM32L4xx_HAL_Driver/Inc/Legacy -I../Drivers/CMSIS/Device/ST/STM32L4xx/Include -I../Drivers/CMSIS/Include -O0 -ffunction-sections -fdata-sections -Wall -fstack-usage -fcyclomatic-complexity -MMD -MP -MF"Core/Src/wifi.d" -MT"Core/Src/wifi.o" --specs=nano.specs -mfpu=fpv4-sp-d16 -mfloat-abi=hard -mthumb -o "Core/Src/wifi.o"
../Core/Src/main.c: In function 'main':
../Core/Src/main.c:153:11: warning: implicit declaration of function 'sprintf' [-Wimplicit-function-declaration]
  153 |           sprintf(out_string, "%d\r\n" , distance);
      |           ^~~~~~~
../Core/Src/main.c:21:1: note: include '<stdio.h>' or provide a declaration of 'sprintf'
   20 | #include "main.h"
  +++ |+#include <stdio.h>
   21 | 
../Core/Src/main.c:153:11: warning: incompatible implicit declaration of built-in function 'sprintf' [-Wbuiltin-declaration-mismatch]
  153 |           sprintf(out_string, "%d\r\n" , distance);
      |           ^~~~~~~
../Core/Src/main.c:153:11: note: include '<stdio.h>' or provide a declaration of 'sprintf'
../Core/Src/main.c:153:33: warning: format '%d' expects argument of type 'int', but argument 3 has type 'uint32_t' {aka 'long unsigned int'} [-Wformat=]
  153 |           sprintf(out_string, "%d\r\n" , distance);
      |                                ~^        ~~~~~~~~
      |                                 |        |
      |                                 int      uint32_t {aka long unsigned int}
      |                                %ld
../Core/Src/es_wifi.c:58: warning: "DEBUG" redefined
   58 | #define DEBUG  printf("%s:%d :",__FILE__,__LINE__);printf
      | 
<command-line>: note: this is the location of the previous definition
arm-none-eabi-gcc -o "Project.elf" @"objects.list"   -mcpu=cortex-m4 -T"C:\Users\aparr\Documents\enee459v\finalProject\B-L475_IOT01A1_WebServer_ws\Project\STM32L475VGTX_FLASH.ld" --specs=nosys.specs -Wl,-Map="Project.map" -Wl,--gc-sections -static --specs=nano.specs -mfpu=fpv4-sp-d16 -mfloat-abi=hard -mthumb -Wl,--start-group -lc -lm -Wl,--end-group
Finished building target: Project.elf
 
arm-none-eabi-size  Project.elf 
arm-none-eabi-objdump -h -S Project.elf  > "Project.list"
   text	   data	    bss	    dec	    hex	filename
  26320	    100	   3788	  30208	   7600	Project.elf
Finished building: default.size.stdout
 
Finished building: Project.list
 
23:14:00 **** Incremental Build of configuration Debug for project Project ****
make -j20 all 
arm-none-eabi-gcc "../Core/Src/main.c" -mcpu=cortex-m4 -std=gnu11 -g3 -DDEBUG -DUSE_HAL_DRIVER -DSTM32L475xx -c -I../Core/Inc -I../Drivers/BSP/B-L475E-IOT01 -I../Drivers/STM32L4xx_HAL_Driver/Inc -I../Drivers/STM32L4xx_HAL_Driver/Inc/Legacy -I../Drivers/CMSIS/Device/ST/STM32L4xx/Include -I../Drivers/CMSIS/Include -O0 -ffunction-sections -fdata-sections -Wall -fstack-usage -fcyclomatic-complexity -MMD -MP -MF"Core/Src/main.d" -MT"Core/Src/main.o" --specs=nano.specs -mfpu=fpv4-sp-d16 -mfloat-abi=hard -mthumb -o "Core/Src/main.o"
../Core/Src/main.c: In function 'main':
../Core/Src/main.c:153:33: warning: format '%d' expects argument of type 'int', but argument 3 has type 'uint32_t' {aka 'long unsigned int'} [-Wformat=]
[...]
arm-none-eabi-size  Project.elf 
   text	   data	    bss	    dec	    hex	filename
  54120	    144	   8480	  62744	   f518	Project.elf
Finished building: default.size.stdout
 
16:05:33 **** Incremental Build of configuration Debug for project Project ****
make -j20 all 
arm-none-eabi-size  Project.elf 
   text	   data	    bss	    dec	    hex	filename
  54120	    144	   8480	  62744	   f518	Project.elf
Finished building: default.size.stdout
 
16:06:18 **** Incremental Build of configuration Debug for project Project ****
make -j20 all 
arm-none-eabi-size  Project.elf 
   text	   data	    bss	    dec	    hex	filename
  54120	    144	   8480	  62744	   f518	Project.elf
Finished building: default.size.stdout
 
16:07:41 **** Incremental Build of configuration Debug for project Project ****
make -j20 all 
arm-none-eabi-size  Project.elf 
   text	   data	    bss	    dec	    hex	filename
  54120	    144	   8480	  62744	   f518	Project.elf
Finished building: default.size.stdout
 
16:13:25 **** Incremental Build of configuration Debug for project Project ****
make -j20 all 
arm-none-eabi-size  Project.elf 
   text	   data	    bss	    dec	    hex	filename
  54120	    144	   8480	  62744	   f518	Project.elf
Finished building: default.size.stdout
 
16:14:07 **** Incremental Build of configuration Debug for project Project ****
make -j20 all 
arm-none-eabi-size  Project.elf 
   text	   data	    bss	    dec	    hex	filename
  54120	    144	   8480	  62744	   f518	Project.elf
Finished building: default.size.stdout
 
16:21:29 **** Incremental Build of configuration Debug for project Project ****
make -j20 all 
arm-none-eabi-size  Project.elf 
   text	   data	    bss	    dec	    hex	filename
  54120	    144	   8480	  62744	   f518	Project.elf
Finished building: default.size.stdout
 
16:22:31 **** Incremental Build of configuration Debug for project Project ****
make -j20 all 
arm-none-eabi-size  Project.elf 
   text	   data	    bss	    dec	    hex	filename
  54120	    144	   8480	  62744	   f518	Project.elf
Finished building: default.size.stdout
 
17:40:49 **** Incremental Build of configuration Debug for project Project ****
make -j20 all 
arm-none-eabi-size  Project.elf 
   text	   data	    bss	    dec	    hex	filename
  54120	    144	   8480	  62744	   f518	Project.elf
Finished building: default.size.stdout
 
17:40:55 **** Incremental Build of configuration Debug for project Project ****
make -j20 all 
arm-none-eabi-size  Project.elf 
   text	   data	    bss	    dec	    hex	filename
  54120	    144	   8480	  62744	   f518	Project.elf
Finished building: default.size.stdout
 
17:59:16 **** Incremental Build of configuration Debug for project Project ****
make -j20 all 
arm-none-eabi-gcc "../Core/Src/es_wifi_io.c" -mcpu=cortex-m4 -std=gnu11 -g3 -DDEBUG -DUSE_HAL_DRIVER -DSTM32L475xx -c -I../Core/Inc -I../Drivers/BSP/B-L475E-IOT01 -I../Drivers/STM32L4xx_HAL_Driver/Inc -I../Drivers/STM32L4xx_HAL_Driver/Inc/Legacy -I../Drivers/CMSIS/Device/ST/STM32L4xx/Include -I../Drivers/CMSIS/Include -O0 -ffunction-sections -fdata-sections -Wall -fstack-usage -fcyclomatic-complexity -MMD -MP -MF"Core/Src/es_wifi_io.d" -MT"Core/Src/es_wifi_io.o" --specs=nano.specs -mfpu=fpv4-sp-d16 -mfloat-abi=hard -mthumb -o "Core/Src/es_wifi_io.o"
arm-none-eabi-gcc -o "Project.elf" @"objects.list"   -mcpu=cortex-m4 -T"C:\Users\aparr\Documents\enee459v\finalProject\B-L475_IOT01A1_WebServer_ws\Project\STM32L475VGTX_FLASH.ld" --specs=nosys.specs -Wl,-Map="Project.map" -Wl,--gc-sections -static --specs=nano.specs -mfpu=fpv4-sp-d16 -mfloat-abi=hard -mthumb -Wl,--start-group -lc -lm -Wl,--end-group
Finished building target: Project.elf
 
arm-none-eabi-size  Project.elf 
arm-none-eabi-objdump -h -S Project.elf  > "Project.list"
   text	   data	    bss	    dec	    hex	filename
  54080	    144	   8480	  62704	   f4f0	Project.elf
Finished building: default.size.stdout
 
Finished building: Project.list
 
17:59:23 **** Incremental Build of configuration Debug for project Project ****
make -j20 all 
arm-none-eabi-size  Project.elf 
   text	   data	    bss	    dec	    hex	filename
  54080	    144	   8480	  62704	   f4f0	Project.elf
Finished building: default.size.stdout
 
18:00:13 **** Incremental Build of configuration Debug for project Project ****
make -j20 all 
arm-none-eabi-gcc "../Core/Src/es_wifi_io.c" -mcpu=cortex-m4 -std=gnu11 -g3 -DDEBUG -DUSE_HAL_DRIVER -DSTM32L475xx -c -I../Core/Inc -I../Drivers/BSP/B-L475E-IOT01 -I../Drivers/STM32L4xx_HAL_Driver/Inc -I../Drivers/STM32L4xx_HAL_Driver/Inc/Legacy -I../Drivers/CMSIS/Device/ST/STM32L4xx/Include -I../Drivers/CMSIS/Include -O0 -ffunction-sections -fdata-sections -Wall -fstack-usage -fcyclomatic-complexity -MMD -MP -MF"Core/Src/es_wifi_io.d" -MT"Core/Src/es_wifi_io.o" --specs=nano.specs -mfpu=fpv4-sp-d16 -mfloat-abi=hard -mthumb -o "Core/Src/es_wifi_io.o"
arm-none-eabi-gcc -o "Project.elf" @"objects.list"   -mcpu=cortex-m4 -T"C:\Users\aparr\Documents\enee459v\finalProject\B-L475_IOT01A1_WebServer_ws\Project\STM32L475VGTX_FLASH.ld" --specs=nosys.specs -Wl,-Map="Project.map" -Wl,--gc-sections -static --specs=nano.specs -mfpu=fpv4-sp-d16 -mfloat-abi=hard -mthumb -Wl,--start-group -lc -lm -Wl,--end-group
Finished building target: Project.elf
 
arm-none-eabi-size  Project.elf 
arm-none-eabi-objdump -h -S Project.elf  > "Project.list"
   text	   data	    bss	    dec	    hex	filename
  54120	    144	   8480	  62744	   f518	Project.elf
Finished building: default.size.stdout
 
Finished building: Project.list
 
18:00:21 **** Incremental Build of configuration Debug for project Project ****
make -j20 all 
arm-none-eabi-size  Project.elf 
   text	   data	    bss	    dec	    hex	filename
  54120	    144	   8480	  62744	   f518	Project.elf
Finished building: default.size.stdout
 
18:00:28 **** Incremental Build of configuration Debug for project Project ****
make -j20 all 
arm-none-eabi-size  Project.elf 
   text	   data	    bss	    dec	    hex	filename
  54120	    144	   8480	  62744	   f518	Project.elf
Finished building: default.size.stdout
 
18:00:30 **** Incremental Build of configuration Debug for project Project ****
make -j20 all 
arm-none-eabi-size  Project.elf 
   text	   data	    bss	    dec	    hex	filename
  54120	    144	   8480	  62744	   f518	Project.elf
Finished building: default.size.stdout
 
18:01:25 **** Incremental Build of configuration Debug for project Project ****
make -j20 all 
arm-none-eabi-size  Project.elf 
   text	   data	    bss	    dec	    hex	filename
  54120	    144	   8480	  62744	   f518	Project.elf
Finished building: default.size.stdout
 
18:01:29 **** Incremental Build of configuration Debug for project Project ****
make -j20 all 
arm-none-eabi-size  Project.elf 
   text	   data	    bss	    dec	    hex	filename
  54120	    144	   8480	  62744	   f518	Project.elf
Finished building: default.size.stdout
 
18:03:55 **** Incremental Build of configuration Debug for project Project ****
make -j20 all 
arm-none-eabi-size  Project.elf 
   text	   data	    bss	    dec	    hex	filename
  54120	    144	   8480	  62744	   f518	Project.elf
Finished building: default.size.stdout
 
18:04:18 **** Incremental Build of configuration Debug for project Project ****
make -j20 all 
arm-none-eabi-size  Project.elf 
   text	   data	    bss	    dec	    hex	filename
  54120	    144	   8480	  62744	   f518	Project.elf
Finished building: default.size.stdout
 
18:04:20 **** Incremental Build of configuration Debug for project Project ****
make -j20 all 
arm-none-eabi-size  Project.elf 
   text	   data	    bss	    dec	    hex	filename
  54120	    144	   8480	  62744	   f518	Project.elf
Finished building: default.size.stdout
 
18:42:27 **** Incremental Build of configuration Debug for project Project ****
make -j20 all 
arm-none-eabi-gcc "../Core/Src/es_wifi_io.c" -mcpu=cortex-m4 -std=gnu11 -g3 -DDEBUG -DUSE_HAL_DRIVER -DSTM32L475xx -c -I../Core/Inc -I../Drivers/BSP/B-L475E-IOT01 -I../Drivers/STM32L4xx_HAL_Driver/Inc -I../Drivers/STM32L4xx_HAL_Driver/Inc/Legacy -I../Drivers/CMSIS/Device/ST/STM32L4xx/Include -I../Drivers/CMSIS/Include -O0 -ffunction-sections -fdata-sections -Wall -fstack-usage -fcyclomatic-complexity -MMD -MP -MF"Core/Src/es_wifi_io.d" -MT"Core/Src/es_wifi_io.o" --specs=nano.specs -mfpu=fpv4-sp-d16 -mfloat-abi=hard -mthumb -o "Core/Src/es_wifi_io.o"
arm-none-eabi-gcc "../Core/Src/main.c" -mcpu=cortex-m4 -std=gnu11 -g3 -DDEBUG -DUSE_HAL_DRIVER -DSTM32L475xx -c -I../Core/Inc -I../Drivers/BSP/B-L475E-IOT01 -I../Drivers/STM32L4xx_HAL_Driver/Inc -I../Drivers/STM32L4xx_HAL_Driver/Inc/Legacy -I../Drivers/CMSIS/Device/ST/STM32L4xx/Include -I../Drivers/CMSIS/Include -O0 -ffunction-sections -fdata-sections -Wall -fstack-usage -fcyclomatic-complexity -MMD -MP -MF"Core/Src/main.d" -MT"Core/Src/main.o" --specs=nano.specs -mfpu=fpv4-sp-d16 -mfloat-abi=hard -mthumb -o "Core/Src/main.o"
arm-none-eabi-gcc "../Core/Src/stm32l4xx_hal_msp.c" -mcpu=cortex-m4 -std=gnu11 -g3 -DDEBUG -DUSE_HAL_DRIVER -DSTM32L475xx -c -I../Core/Inc -I../Drivers/BSP/B-L475E-IOT01 -I../Drivers/STM32L4xx_HAL_Driver/Inc -I../Drivers/STM32L4xx_HAL_Driver/Inc/Legacy -I../Drivers/CMSIS/Device/ST/STM32L4xx/Include -I../Drivers/CMSIS/Include -O0 -ffunction-sections -fdata-sections -Wall -fstack-usage -fcyclomatic-complexity -MMD -MP -MF"Core/Src/stm32l4xx_hal_msp.d" -MT"Core/Src/stm32l4xx_hal_msp.o" --specs=nano.specs -mfpu=fpv4-sp-d16 -mfloat-abi=hard -mthumb -o "Core/Src/stm32l4xx_hal_msp.o"
arm-none-eabi-gcc "../Core/Src/stm32l4xx_it.c" -mcpu=cortex-m4 -std=gnu11 -g3 -DDEBUG -DUSE_HAL_DRIVER -DSTM32L475xx -c -I../Core/Inc -I../Drivers/BSP/B-L475E-IOT01 -I../Drivers/STM32L4xx_HAL_Driver/Inc -I../Drivers/STM32L4xx_HAL_Driver/Inc/Legacy -I../Drivers/CMSIS/Device/ST/STM32L4xx/Include -I../Drivers/CMSIS/Include -O0 -ffunction-sections -fdata-sections -Wall -fstack-usage -fcyclomatic-complexity -MMD -MP -MF"Core/Src/stm32l4xx_it.d" -MT"Core/Src/stm32l4xx_it.o" --specs=nano.specs -mfpu=fpv4-sp-d16 -mfloat-abi=hard -mthumb -o "Core/Src/stm32l4xx_it.o"
arm-none-eabi-gcc "../Core/Src/wifi.c" -mcpu=cortex-m4 -std=gnu11 -g3 -DDEBUG -DUSE_HAL_DRIVER -DSTM32L475xx -c -I../Core/Inc -I../Drivers/BSP/B-L475E-IOT01 -I../Drivers/STM32L4xx_HAL_Driver/Inc -I../Drivers/STM32L4xx_HAL_Driver/Inc/Legacy -I../Drivers/CMSIS/Device/ST/STM32L4xx/Include -I../Drivers/CMSIS/Include -O0 -ffunction-sections -fdata-sections -Wall -fstack-usage -fcyclomatic-complexity -MMD -MP -MF"Core/Src/wifi.d" -MT"Core/Src/wifi.o" --specs=nano.specs -mfpu=fpv4-sp-d16 -mfloat-abi=hard -mthumb -o "Core/Src/wifi.o"
In file included from ../Core/Src/es_wifi_io.c:24:
../Core/Src/es_wifi_io.c: In function 'SPI_WIFI_ResetModule':
../Core/Inc/es_wifi_io.h:34:70: error: 'ISM43362_RST_Pin' undeclared (first use in this function)
   34 |                                             HAL_GPIO_WritePin(GPIOE, ISM43362_RST_Pin, GPIO_PIN_RESET);\
      |                                                                      ^~~~~~~~~~~~~~~~
../Core/Src/es_wifi_io.c:209:3: note: in expansion of macro 'WIFI_RESET_MODULE'
  209 |   WIFI_RESET_MODULE();
      |   ^~~~~~~~~~~~~~~~~
../Core/Inc/es_wifi_io.h:34:70: note: each undeclared identifier is reported only once for each function it appears in
   34 |                                             HAL_GPIO_WritePin(GPIOE, ISM43362_RST_Pin, GPIO_PIN_RESET);\
      |                                                                      ^~~~~~~~~~~~~~~~
../Core/Src/es_wifi_io.c:209:3: note: in expansion of macro 'WIFI_RESET_MODULE'
  209 |   WIFI_RESET_MODULE();
      |   ^~~~~~~~~~~~~~~~~
make: *** [Core/Src/subdir.mk:43: Core/Src/es_wifi_io.o] Error 1
make: *** Waiting for unfinished jobs....
"make -j20 all" terminated with exit code 2. Build might be incomplete.
18:14:13 **** Incremental Build of configuration Debug for project Project ****
make -j20 all 
arm-none-eabi-gcc "../Core/Src/es_wifi_io.c" -mcpu=cortex-m4 -std=gnu11 -g3 -DDEBUG -DUSE_HAL_DRIVER -DSTM32L475xx -c -I../Core/Inc -I../Drivers/BSP/B-L475E-IOT01 -I../Drivers/STM32L4xx_HAL_Driver/Inc -I../Drivers/STM32L4xx_HAL_Driver/Inc/Legacy -I../Drivers/CMSIS/Device/ST/STM32L4xx/Include -I../Drivers/CMSIS/Include -O0 -ffunction-sections -fdata-sections -Wall -fstack-usage -fcyclomatic-complexity -MMD -MP -MF"Core/Src/es_wifi_io.d" -MT"Core/Src/es_wifi_io.o" --specs=nano.specs -mfpu=fpv4-sp-d16 -mfloat-abi=hard -mthumb -o "Core/Src/es_wifi_io.o"
In file included from ../Core/Src/es_wifi_io.c:24:
../Core/Src/es_wifi_io.c: In function 'SPI_WIFI_ResetModule':
../Core/Inc/es_wifi_io.h:34:70: error: 'ISM43362_RST_Pin' undeclared (first use in this function)
   34 |                                             HAL_GPIO_WritePin(GPIOE, ISM43362_RST_Pin, GPIO_PIN_RESET);\
      |                                                                      ^~~~~~~~~~~~~~~~
../Core/Src/es_wifi_io.c:209:3: note: in expansion of macro 'WIFI_RESET_MODULE'
  209 |   WIFI_RESET_MODULE();
      |   ^~~~~~~~~~~~~~~~~
../Core/Inc/es_wifi_io.h:34:70: note: each undeclared identifier is reported only once for each function it appears in
   34 |                                             HAL_GPIO_WritePin(GPIOE, ISM43362_RST_Pin, GPIO_PIN_RESET);\
      |                                                                      ^~~~~~~~~~~~~~~~
../Core/Src/es_wifi_io.c:209:3: note: in expansion of macro 'WIFI_RESET_MODULE'
  209 |   WIFI_RESET_MODULE();
      |   ^~~~~~~~~~~~~~~~~
make: *** [Core/Src/subdir.mk:43: Core/Src/es_wifi_io.o] Error 1
"make -j20 all" terminated with exit code 2. Build might be incomplete.
18:17:33 **** Incremental Build of configuration Debug for project Project ****
make -j20 all 
arm-none-eabi-gcc "../Core/Src/es_wifi_io.c" -mcpu=cortex-m4 -std=gnu11 -g3 -DDEBUG -DUSE_HAL_DRIVER -DSTM32L475xx -c -I../Core/Inc -I../Drivers/BSP/B-L475E-IOT01 -I../Drivers/STM32L4xx_HAL_Driver/Inc -I../Drivers/STM32L4xx_HAL_Driver/Inc/Legacy -I../Drivers/CMSIS/Device/ST/STM32L4xx/Include -I../Drivers/CMSIS/Include -O0 -ffunction-sections -fdata-sections -Wall -fstack-usage -fcyclomatic-complexity -MMD -MP -MF"Core/Src/es_wifi_io.d" -MT"Core/Src/es_wifi_io.o" --specs=nano.specs -mfpu=fpv4-sp-d16 -mfloat-abi=hard -mthumb -o "Core/Src/es_wifi_io.o"
arm-none-eabi-gcc "../Core/Src/main.c" -mcpu=cortex-m4 -std=gnu11 -g3 -DDEBUG -DUSE_HAL_DRIVER -DSTM32L475xx -c -I../Core/Inc -I../Drivers/BSP/B-L475E-IOT01 -I../Drivers/STM32L4xx_HAL_Driver/Inc -I../Drivers/STM32L4xx_HAL_Driver/Inc/Legacy -I../Drivers/CMSIS/Device/ST/STM32L4xx/Include -I../Drivers/CMSIS/Include -O0 -ffunction-sections -fdata-sections -Wall -fstack-usage -fcyclomatic-complexity -MMD -MP -MF"Core/Src/main.d" -MT"Core/Src/main.o" --specs=nano.specs -mfpu=fpv4-sp-d16 -mfloat-abi=hard -mthumb -o "Core/Src/main.o"
In file included from ../Core/Src/es_wifi_io.c:24:
../Core/Src/es_wifi_io.c: In function 'SPI_WIFI_ResetModule':
../Core/Inc/es_wifi_io.h:34:70: error: 'ISM43362_RST_Pin' undeclared (first use in this function)
   34 |                                             HAL_GPIO_WritePin(GPIOE, ISM43362_RST_Pin, GPIO_PIN_RESET);\
      |                                                                      ^~~~~~~~~~~~~~~~
../Core/Src/es_wifi_io.c:209:3: note: in expansion of macro 'WIFI_RESET_MODULE'
  209 |   WIFI_RESET_MODULE();
      |   ^~~~~~~~~~~~~~~~~
../Core/Inc/es_wifi_io.h:34:70: note: each undeclared identifier is reported only once for each function it appears in
   34 |                                             HAL_GPIO_WritePin(GPIOE, ISM43362_RST_Pin, GPIO_PIN_RESET);\
      |                                                                      ^~~~~~~~~~~~~~~~
../Core/Src/es_wifi_io.c:209:3: note: in expansion of macro 'WIFI_RESET_MODULE'
  209 |   WIFI_RESET_MODULE();
      |   ^~~~~~~~~~~~~~~~~
make: *** [Core/Src/subdir.mk:43: Core/Src/es_wifi_io.o] Error 1
make: *** Waiting for unfinished jobs....
../Core/Src/main.c:1114:5: warning: 'wifi_server' defined but not used [-Wunused-function]
 1114 | int wifi_server(void)
      |     ^~~~~~~~~~~
"make -j20 all" terminated with exit code 2. Build might be incomplete.
18:17:56 **** Incremental Build of configuration Debug for project Project ****
make -j20 all 
arm-none-eabi-gcc "../Core/Src/es_wifi_io.c" -mcpu=cortex-m4 -std=gnu11 -g3 -DDEBUG -DUSE_HAL_DRIVER -DSTM32L475xx -c -I../Core/Inc -I../Drivers/BSP/B-L475E-IOT01 -I../Drivers/STM32L4xx_HAL_Driver/Inc -I../Drivers/STM32L4xx_HAL_Driver/Inc/Legacy -I../Drivers/CMSIS/Device/ST/STM32L4xx/Include -I../Drivers/CMSIS/Include -O0 -ffunction-sections -fdata-sections -Wall -fstack-usage -fcyclomatic-complexity -MMD -MP -MF"Core/Src/es_wifi_io.d" -MT"Core/Src/es_wifi_io.o" --specs=nano.specs -mfpu=fpv4-sp-d16 -mfloat-abi=hard -mthumb -o "Core/Src/es_wifi_io.o"
arm-none-eabi-gcc "../Core/Src/main.c" -mcpu=cortex-m4 -std=gnu11 -g3 -DDEBUG -DUSE_HAL_DRIVER -DSTM32L475xx -c -I../Core/Inc -I../Drivers/BSP/B-L475E-IOT01 -I../Drivers/STM32L4xx_HAL_Driver/Inc -I../Drivers/STM32L4xx_HAL_Driver/Inc/Legacy -I../Drivers/CMSIS/Device/ST/STM32L4xx/Include -I../Drivers/CMSIS/Include -O0 -ffunction-sections -fdata-sections -Wall -fstack-usage -fcyclomatic-complexity -MMD -MP -MF"Core/Src/main.d" -MT"Core/Src/main.o" --specs=nano.specs -mfpu=fpv4-sp-d16 -mfloat-abi=hard -mthumb -o "Core/Src/main.o"
arm-none-eabi-gcc "../Core/Src/stm32l4xx_hal_msp.c" -mcpu=cortex-m4 -std=gnu11 -g3 -DDEBUG -DUSE_HAL_DRIVER -DSTM32L475xx -c -I../Core/Inc -I../Drivers/BSP/B-L475E-IOT01 -I../Drivers/STM32L4xx_HAL_Driver/Inc -I../Drivers/STM32L4xx_HAL_Driver/Inc/Legacy -I../Drivers/CMSIS/Device/ST/STM32L4xx/Include -I../Drivers/CMSIS/Include -O0 -ffunction-sections -fdata-sections -Wall -fstack-usage -fcyclomatic-complexity -MMD -MP -MF"Core/Src/stm32l4xx_hal_msp.d" -MT"Core/Src/stm32l4xx_hal_msp.o" --specs=nano.specs -mfpu=fpv4-sp-d16 -mfloat-abi=hard -mthumb -o "Core/Src/stm32l4xx_hal_msp.o"
arm-none-eabi-gcc "../Core/Src/stm32l4xx_it.c" -mcpu=cortex-m4 -std=gnu11 -g3 -DDEBUG -DUSE_HAL_DRIVER -DSTM32L475xx -c -I../Core/Inc -I../Drivers/BSP/B-L475E-IOT01 -I../Drivers/STM32L4xx_HAL_Driver/Inc -I../Drivers/STM32L4xx_HAL_Driver/Inc/Legacy -I../Drivers/CMSIS/Device/ST/STM32L4xx/Include -I../Drivers/CMSIS/Include -O0 -ffunction-sections -fdata-sections -Wall -fstack-usage -fcyclomatic-complexity -MMD -MP -MF"Core/Src/stm32l4xx_it.d" -MT"Core/Src/stm32l4xx_it.o" --specs=nano.specs -mfpu=fpv4-sp-d16 -mfloat-abi=hard -mthumb -o "Core/Src/stm32l4xx_it.o"
arm-none-eabi-gcc "../Core/Src/wifi.c" -mcpu=cortex-m4 -std=gnu11 -g3 -DDEBUG -DUSE_HAL_DRIVER -DSTM32L475xx -c -I../Core/Inc -I../Drivers/BSP/B-L475E-IOT01 -I../Drivers/STM32L4xx_HAL_Driver/Inc -I../Drivers/STM32L4xx_HAL_Driver/Inc/Legacy -I../Drivers/CMSIS/Device/ST/STM32L4xx/Include -I../Drivers/CMSIS/Include -O0 -ffunction-sections -fdata-sections -Wall -fstack-usage -fcyclomatic-complexity -MMD -MP -MF"Core/Src/wifi.d" -MT"Core/Src/wifi.o" --specs=nano.specs -mfpu=fpv4-sp-d16 -mfloat-abi=hard -mthumb -o "Core/Src/wifi.o"
../Core/Src/main.c:1114:5: warning: 'wifi_server' defined but not used [-Wunused-function]
 1114 | int wifi_server(void)
      |     ^~~~~~~~~~~
arm-none-eabi-gcc -o "Project.elf" @"objects.list"   -mcpu=cortex-m4 -T"C:\Users\aparr\Documents\enee459v\finalProject\B-L475_IOT01A1_WebServer_ws\Project\STM32L475VGTX_FLASH.ld" --specs=nosys.specs -Wl,-Map="Project.map" -Wl,--gc-sections -static --specs=nano.specs -mfpu=fpv4-sp-d16 -mfloat-abi=hard -mthumb -Wl,--start-group -lc -lm -Wl,--end-group
Finished building target: Project.elf
 
arm-none-eabi-size  Project.elf 
arm-none-eabi-objdump -h -S Project.elf  > "Project.list"
   text	   data	    bss	    dec	    hex	filename
  35388	    144	   4000	  39532	   9a6c	Project.elf
Finished building: default.size.stdout
 
Finished building: Project.list
 
18:18:04 **** Incremental Build of configuration Debug for project Project ****
make -j20 all 
arm-none-eabi-size  Project.elf 
   text	   data	    bss	    dec	    hex	filename
  35388	    144	   4000	  39532	   9a6c	Project.elf
Finished building: default.size.stdout
 
